Archive member included to satisfy reference by file (symbol)

/Applications/ARM/bin/../lib/gcc/arm-none-eabi/10.3.1/thumb/v7e-m+fp/hard/libgcc.a(_arm_muldf3.o)
                              CMakeFiles/omni-infantry.elf.dir/application/Chassis.c.obj (__aeabi_dmul)
/Applications/ARM/bin/../lib/gcc/arm-none-eabi/10.3.1/thumb/v7e-m+fp/hard/libgcc.a(_arm_addsubdf3.o)
                              CMakeFiles/omni-infantry.elf.dir/application/Chassis.c.obj (__aeabi_i2d)
/Applications/ARM/bin/../lib/gcc/arm-none-eabi/10.3.1/thumb/v7e-m+fp/hard/libgcc.a(_arm_cmpdf2.o)
                              CMakeFiles/omni-infantry.elf.dir/application/Chassis.c.obj (__aeabi_dcmplt)
/Applications/ARM/bin/../lib/gcc/arm-none-eabi/10.3.1/thumb/v7e-m+fp/hard/libgcc.a(_arm_truncdfsf2.o)
                              CMakeFiles/omni-infantry.elf.dir/component/algorithm/AHRS.c.obj (__aeabi_d2f)
/Applications/ARM/bin/../lib/gcc/arm-none-eabi/10.3.1/thumb/v7e-m+fp/hard/libgcc.a(_aeabi_uldivmod.o)
                              CMakeFiles/omni-infantry.elf.dir/Drivers/STM32F4xx_HAL_Driver/Src/stm32f4xx_hal_rcc.c.obj (__aeabi_uldivmod)
/Applications/ARM/bin/../lib/gcc/arm-none-eabi/10.3.1/thumb/v7e-m+fp/hard/libgcc.a(_udivmoddi4.o)
                              /Applications/ARM/bin/../lib/gcc/arm-none-eabi/10.3.1/thumb/v7e-m+fp/hard/libgcc.a(_aeabi_uldivmod.o) (__udivmoddi4)
/Applications/ARM/bin/../lib/gcc/arm-none-eabi/10.3.1/thumb/v7e-m+fp/hard/libgcc.a(_dvmd_tls.o)
                              /Applications/ARM/bin/../lib/gcc/arm-none-eabi/10.3.1/thumb/v7e-m+fp/hard/libgcc.a(_aeabi_uldivmod.o) (__aeabi_ldiv0)
/Applications/ARM/bin/../lib/gcc/arm-none-eabi/10.3.1/../../../../arm-none-eabi/lib/thumb/v7e-m+fp/hard/libg.a(lib_a-errno.o)
                              CMakeFiles/omni-infantry.elf.dir/Core/Src/syscalls.c.obj (__errno)
/Applications/ARM/bin/../lib/gcc/arm-none-eabi/10.3.1/../../../../arm-none-eabi/lib/thumb/v7e-m+fp/hard/libg.a(lib_a-exit.o)
                              /Applications/ARM/bin/../lib/gcc/arm-none-eabi/10.3.1/../../../../arm-none-eabi/lib/thumb/v7e-m+fp/hard/crt0.o (exit)
/Applications/ARM/bin/../lib/gcc/arm-none-eabi/10.3.1/../../../../arm-none-eabi/lib/thumb/v7e-m+fp/hard/libg.a(lib_a-impure.o)
                              /Applications/ARM/bin/../lib/gcc/arm-none-eabi/10.3.1/../../../../arm-none-eabi/lib/thumb/v7e-m+fp/hard/libg.a(lib_a-exit.o) (_global_impure_ptr)
/Applications/ARM/bin/../lib/gcc/arm-none-eabi/10.3.1/../../../../arm-none-eabi/lib/thumb/v7e-m+fp/hard/libg.a(lib_a-init.o)
                              /Applications/ARM/bin/../lib/gcc/arm-none-eabi/10.3.1/../../../../arm-none-eabi/lib/thumb/v7e-m+fp/hard/crt0.o (__libc_init_array)
/Applications/ARM/bin/../lib/gcc/arm-none-eabi/10.3.1/../../../../arm-none-eabi/lib/thumb/v7e-m+fp/hard/libg.a(lib_a-malloc.o)
                              CMakeFiles/omni-infantry.elf.dir/component/support/fifo.c.obj (malloc)
/Applications/ARM/bin/../lib/gcc/arm-none-eabi/10.3.1/../../../../arm-none-eabi/lib/thumb/v7e-m+fp/hard/libg.a(lib_a-mallocr.o)
                              /Applications/ARM/bin/../lib/gcc/arm-none-eabi/10.3.1/../../../../arm-none-eabi/lib/thumb/v7e-m+fp/hard/libg.a(lib_a-malloc.o) (_malloc_r)
/Applications/ARM/bin/../lib/gcc/arm-none-eabi/10.3.1/../../../../arm-none-eabi/lib/thumb/v7e-m+fp/hard/libg.a(lib_a-memcpy.o)
                              CMakeFiles/omni-infantry.elf.dir/Middlewares/Third_Party/FreeRTOS/Source/queue.c.obj (memcpy)
/Applications/ARM/bin/../lib/gcc/arm-none-eabi/10.3.1/../../../../arm-none-eabi/lib/thumb/v7e-m+fp/hard/libg.a(lib_a-memset.o)
                              /Applications/ARM/bin/../lib/gcc/arm-none-eabi/10.3.1/../../../../arm-none-eabi/lib/thumb/v7e-m+fp/hard/crt0.o (memset)
/Applications/ARM/bin/../lib/gcc/arm-none-eabi/10.3.1/../../../../arm-none-eabi/lib/thumb/v7e-m+fp/hard/libg.a(lib_a-mlock.o)
                              /Applications/ARM/bin/../lib/gcc/arm-none-eabi/10.3.1/../../../../arm-none-eabi/lib/thumb/v7e-m+fp/hard/libg.a(lib_a-mallocr.o) (__malloc_lock)
/Applications/ARM/bin/../lib/gcc/arm-none-eabi/10.3.1/../../../../arm-none-eabi/lib/thumb/v7e-m+fp/hard/libg.a(lib_a-sbrkr.o)
                              /Applications/ARM/bin/../lib/gcc/arm-none-eabi/10.3.1/../../../../arm-none-eabi/lib/thumb/v7e-m+fp/hard/libg.a(lib_a-mallocr.o) (_sbrk_r)
/Applications/ARM/bin/../lib/gcc/arm-none-eabi/10.3.1/../../../../arm-none-eabi/lib/thumb/v7e-m+fp/hard/libg.a(lib_a-strlen.o)
                              CMakeFiles/omni-infantry.elf.dir/Middlewares/Third_Party/FreeRTOS/Source/tasks.c.obj (strlen)
/Applications/ARM/bin/../lib/gcc/arm-none-eabi/10.3.1/../../../../arm-none-eabi/lib/thumb/v7e-m+fp/hard/libg.a(lib_a-__call_atexit.o)
                              /Applications/ARM/bin/../lib/gcc/arm-none-eabi/10.3.1/../../../../arm-none-eabi/lib/thumb/v7e-m+fp/hard/libg.a(lib_a-exit.o) (__call_exitprocs)
[...]
Memory Configuration

Name             Origin             Length             Attributes
CCMRAM           0x0000000010000000 0x0000000000010000 xrw
RAM              0x0000000020000000 0x0000000000020000 xrw
FLASH            0x0000000008000000 0x0000000000100000 xr
*default*        0x0000000000000000 0xffffffffffffffff

Linker script and memory map

LOAD /Applications/ARM/bin/../lib/gcc/arm-none-eabi/10.3.1/thumb/v7e-m+fp/hard/crti.o
LOAD /Applications/ARM/bin/../lib/gcc/arm-none-eabi/10.3.1/thumb/v7e-m+fp/hard/crtbegin.o
LOAD /Applications/ARM/bin/../lib/gcc/arm-none-eabi/10.3.1/../../../../arm-none-eabi/lib/thumb/v7e-m+fp/hard/crt0.o
LOAD CMakeFiles/omni-infantry.elf.dir/Core/Src/adc.c.obj
LOAD CMakeFiles/omni-infantry.elf.dir/Core/Src/can.c.obj
LOAD CMakeFiles/omni-infantry.elf.dir/Core/Src/crc.c.obj
LOAD CMakeFiles/omni-infantry.elf.dir/Core/Src/dma.c.obj
LOAD CMakeFiles/omni-infantry.elf.dir/Core/Src/freertos.c.obj
LOAD CMakeFiles/omni-infantry.elf.dir/Core/Src/gpio.c.obj
LOAD CMakeFiles/omni-infantry.elf.dir/Core/Src/main.c.obj
LOAD CMakeFiles/omni-infantry.elf.dir/Core/Src/rng.c.obj
LOAD CMakeFiles/omni-infantry.elf.dir/Core/Src/spi.c.obj
LOAD CMakeFiles/omni-infantry.elf.dir/Core/Src/stm32f4xx_hal_msp.c.obj
LOAD CMakeFiles/omni-infantry.elf.dir/Core/Src/stm32f4xx_it.c.obj
LOAD CMakeFiles/omni-infantry.elf.dir/Core/Src/syscalls.c.obj
LOAD CMakeFiles/omni-infantry.elf.dir/Core/Src/sysmem.c.obj
LOAD CMakeFiles/omni-infantry.elf.dir/Core/Src/system_stm32f4xx.c.obj
LOAD CMakeFiles/omni-infantry.elf.dir/Core/Src/tim.c.obj
LOAD CMakeFiles/omni-infantry.elf.dir/Core/Src/usart.c.obj
LOAD CMakeFiles/omni-infantry.elf.dir/Core/Startup/startup_stm32f407ighx.s.obj
LOAD CMakeFiles/omni-infantry.elf.dir/Drivers/STM32F4xx_HAL_Driver/Src/stm32f4xx_hal.c.obj
LOAD CMakeFiles/omni-infantry.elf.dir/Drivers/STM32F4xx_HAL_Driver/Src/stm32f4xx_hal_adc.c.obj
LOAD CMakeFiles/omni-infantry.elf.dir/Drivers/STM32F4xx_HAL_Driver/Src/stm32f4xx_hal_adc_ex.c.obj
LOAD CMakeFiles/omni-infantry.elf.dir/Drivers/STM32F4xx_HAL_Driver/Src/stm32f4xx_hal_can.c.obj
LOAD CMakeFiles/omni-infantry.elf.dir/Drivers/STM32F4xx_HAL_Driver/Src/stm32f4xx_hal_cortex.c.obj
LOAD CMakeFiles/omni-infantry.elf.dir/Drivers/STM32F4xx_HAL_Driver/Src/stm32f4xx_hal_crc.c.obj
LOAD CMakeFiles/omni-infantry.elf.dir/Drivers/STM32F4xx_HAL_Driver/Src/stm32f4xx_hal_dma.c.obj
LOAD CMakeFiles/omni-infantry.elf.dir/Drivers/STM32F4xx_HAL_Driver/Src/stm32f4xx_hal_dma_ex.c.obj
LOAD CMakeFiles/omni-infantry.elf.dir/Drivers/STM32F4xx_HAL_Driver/Src/stm32f4xx_hal_exti.c.obj
LOAD CMakeFiles/omni-infantry.elf.dir/Drivers/STM32F4xx_HAL_Driver/Src/stm32f4xx_hal_flash.c.obj
LOAD CMakeFiles/omni-infantry.elf.dir/Drivers/STM32F4xx_HAL_Driver/Src/stm32f4xx_hal_flash_ex.c.obj
LOAD CMakeFiles/omni-infantry.elf.dir/Drivers/STM32F4xx_HAL_Driver/Src/stm32f4xx_hal_flash_ramfunc.c.obj
LOAD CMakeFiles/omni-infantry.elf.dir/Drivers/STM32F4xx_HAL_Driver/Src/stm32f4xx_hal_gpio.c.obj
LOAD CMakeFiles/omni-infantry.elf.dir/Drivers/STM32F4xx_HAL_Driver/Src/stm32f4xx_hal_pcd.c.obj
LOAD CMakeFiles/omni-infantry.elf.dir/Drivers/STM32F4xx_HAL_Driver/Src/stm32f4xx_hal_pcd_ex.c.obj
LOAD CMakeFiles/omni-infantry.elf.dir/Drivers/STM32F4xx_HAL_Driver/Src/stm32f4xx_hal_pwr.c.obj
LOAD CMakeFiles/omni-infantry.elf.dir/Drivers/STM32F4xx_HAL_Driver/Src/stm32f4xx_hal_pwr_ex.c.obj
LOAD CMakeFiles/omni-infantry.elf.dir/Drivers/STM32F4xx_HAL_Driver/Src/stm32f4xx_hal_rcc.c.obj
LOAD CMakeFiles/omni-infantry.elf.dir/Drivers/STM32F4xx_HAL_Driver/Src/stm32f4xx_hal_rcc_ex.c.obj
LOAD CMakeFiles/omni-infantry.elf.dir/Drivers/STM32F4xx_HAL_Driver/Src/stm32f4xx_hal_rng.c.obj
LOAD CMakeFiles/omni-infantry.elf.dir/Drivers/STM32F4xx_HAL_Driver/Src/stm32f4xx_hal_spi.c.obj
LOAD CMakeFiles/omni-infantry.elf.dir/Drivers/STM32F4xx_HAL_Driver/Src/stm32f4xx_hal_tim.c.obj
LOAD CMakeFiles/omni-infantry.elf.dir/Drivers/STM32F4xx_HAL_Driver/Src/stm32f4xx_hal_tim_ex.c.obj
LOAD CMakeFiles/omni-infantry.elf.dir/Drivers/STM32F4xx_HAL_Driver/Src/stm32f4xx_hal_uart.c.obj
LOAD CMakeFiles/omni-infantry.elf.dir/Drivers/STM32F4xx_HAL_Driver/Src/stm32f4xx_ll_adc.c.obj
LOAD CMakeFiles/omni-infantry.elf.dir/Drivers/STM32F4xx_HAL_Driver/Src/stm32f4xx_ll_usb.c.obj
LOAD CMakeFiles/omni-infantry.elf.dir/Middlewares/ST/STM32_USB_Device_Library/Class/CDC/Src/usbd_cdc.c.obj
LOAD CMakeFiles/omni-infantry.elf.dir/Middlewares/ST/STM32_USB_Device_Library/Core/Src/usbd_core.c.obj
LOAD CMakeFiles/omni-infantry.elf.dir/Middlewares/ST/STM32_USB_Device_Library/Core/Src/usbd_ctlreq.c.obj
LOAD CMakeFiles/omni-infantry.elf.dir/Middlewares/ST/STM32_USB_Device_Library/Core/Src/usbd_ioreq.c.obj
LOAD CMakeFiles/omni-infantry.elf.dir/Middlewares/Third_Party/FreeRTOS/Source/CMSIS_RTOS/cmsis_os.c.obj
LOAD CMakeFiles/omni-infantry.elf.dir/Middlewares/Third_Party/FreeRTOS/Source/croutine.c.obj
LOAD CMakeFiles/omni-infantry.elf.dir/Middlewares/Third_Party/FreeRTOS/Source/event_groups.c.obj
LOAD CMakeFiles/omni-infantry.elf.dir/Middlewares/Third_Party/FreeRTOS/Source/list.c.obj
LOAD CMakeFiles/omni-infantry.elf.dir/Middlewares/Third_Party/FreeRTOS/Source/portable/GCC/ARM_CM4F/port.c.obj
LOAD CMakeFiles/omni-infantry.elf.dir/Middlewares/Third_Party/FreeRTOS/Source/portable/MemMang/heap_4.c.obj
LOAD CMakeFiles/omni-infantry.elf.dir/Middlewares/Third_Party/FreeRTOS/Source/queue.c.obj
LOAD CMakeFiles/omni-infantry.elf.dir/Middlewares/Third_Party/FreeRTOS/Source/stream_buffer.c.obj
LOAD CMakeFiles/omni-infantry.elf.dir/Middlewares/Third_Party/FreeRTOS/Source/tasks.c.obj
LOAD CMakeFiles/omni-infantry.elf.dir/Middlewares/Third_Party/FreeRTOS/Source/timers.c.obj
LOAD CMakeFiles/omni-infantry.elf.dir/USB_DEVICE/App/usb_device.c.obj
LOAD CMakeFiles/omni-infantry.elf.dir/USB_DEVICE/App/usbd_cdc_if.c.obj
LOAD CMakeFiles/omni-infantry.elf.dir/USB_DEVICE/App/usbd_desc.c.obj
LOAD CMakeFiles/omni-infantry.elf.dir/USB_DEVICE/Target/usbd_conf.c.obj
LOAD CMakeFiles/omni-infantry.elf.dir/application/Atti.c.obj
LOAD CMakeFiles/omni-infantry.elf.dir/application/Auto.c.obj
LOAD CMakeFiles/omni-infantry.elf.dir/application/Calibrate.c.obj
LOAD CMakeFiles/omni-infantry.elf.dir/application/Cap.c.obj
LOAD CMakeFiles/omni-infantry.elf.dir/application/Chassis.c.obj
LOAD CMakeFiles/omni-infantry.elf.dir/application/Detection.c.obj
LOAD CMakeFiles/omni-infantry.elf.dir/application/Gimbal.c.obj
LOAD CMakeFiles/omni-infantry.elf.dir/application/Referee.c.obj
LOAD CMakeFiles/omni-infantry.elf.dir/application/can_receive.c.obj
LOAD CMakeFiles/omni-infantry.elf.dir/application/key_board.c.obj
LOAD CMakeFiles/omni-infantry.elf.dir/application/launcher.c.obj
LOAD CMakeFiles/omni-infantry.elf.dir/application/remote.c.obj
LOAD CMakeFiles/omni-infantry.elf.dir/application/usb_task.c.obj
LOAD CMakeFiles/omni-infantry.elf.dir/bsp/bsp_adc.c.obj
LOAD CMakeFiles/omni-infantry.elf.dir/bsp/bsp_buzzer.c.obj
LOAD CMakeFiles/omni-infantry.elf.dir/bsp/bsp_can.c.obj
LOAD CMakeFiles/omni-infantry.elf.dir/bsp/bsp_crc32.c.obj
LOAD CMakeFiles/omni-infantry.elf.dir/bsp/bsp_delay.c.obj
LOAD CMakeFiles/omni-infantry.elf.dir/bsp/bsp_flash.c.obj
LOAD CMakeFiles/omni-infantry.elf.dir/bsp/bsp_i2c.c.obj
LOAD CMakeFiles/omni-infantry.elf.dir/bsp/bsp_imu_pwm.c.obj
LOAD CMakeFiles/omni-infantry.elf.dir/bsp/bsp_laser.c.obj
LOAD CMakeFiles/omni-infantry.elf.dir/bsp/bsp_led.c.obj
LOAD CMakeFiles/omni-infantry.elf.dir/bsp/bsp_rc.c.obj
LOAD CMakeFiles/omni-infantry.elf.dir/bsp/bsp_servo_pwm.c.obj
LOAD CMakeFiles/omni-infantry.elf.dir/bsp/bsp_spi.c.obj
LOAD CMakeFiles/omni-infantry.elf.dir/bsp/bsp_usart.c.obj
LOAD CMakeFiles/omni-infantry.elf.dir/component/algorithm/AHRS.c.obj
LOAD CMakeFiles/omni-infantry.elf.dir/component/algorithm/AHRS_MiddleWare.c.obj
LOAD CMakeFiles/omni-infantry.elf.dir/component/algorithm/filter.c.obj
LOAD CMakeFiles/omni-infantry.elf.dir/component/algorithm/ramp.c.obj
LOAD CMakeFiles/omni-infantry.elf.dir/component/algorithm/user_lib.c.obj
LOAD CMakeFiles/omni-infantry.elf.dir/component/comunication/decode.c.obj
LOAD CMakeFiles/omni-infantry.elf.dir/component/comunication/packet.c.obj
LOAD CMakeFiles/omni-infantry.elf.dir/component/controller/PID.c.obj
LOAD CMakeFiles/omni-infantry.elf.dir/component/devices/BMI088Middleware.c.obj
LOAD CMakeFiles/omni-infantry.elf.dir/component/devices/BMI088driver.c.obj
LOAD CMakeFiles/omni-infantry.elf.dir/component/devices/test.c.obj
LOAD CMakeFiles/omni-infantry.elf.dir/component/support/CRC8_CRC16.c.obj
LOAD CMakeFiles/omni-infantry.elf.dir/component/support/fifo.c.obj
LOAD CMakeFiles/omni-infantry.elf.dir/component/support/mem_mang4.c.obj
START GROUP
LOAD /Applications/ARM/bin/../lib/gcc/arm-none-eabi/10.3.1/thumb/v7e-m+fp/hard/libgcc.a
LOAD /Applications/ARM/bin/../lib/gcc/arm-none-eabi/10.3.1/../../../../arm-none-eabi/lib/thumb/v7e-m+fp/hard/libg.a
LOAD /Applications/ARM/bin/../lib/gcc/arm-none-eabi/10.3.1/../../../../arm-none-eabi/lib/thumb/v7e-m+fp/hard/libc.a
END GROUP
LOAD /Applications/ARM/bin/../lib/gcc/arm-none-eabi/10.3.1/thumb/v7e-m+fp/hard/crtend.o
LOAD /Applications/ARM/bin/../lib/gcc/arm-none-eabi/10.3.1/thumb/v7e-m+fp/hard/crtn.o
                0x0000000020020000                _estack = (ORIGIN (RAM) + LENGTH (RAM))
                0x0000000000002000                _Min_Heap_Size = 0x2000
                0x0000000000002000                _Min_Stack_Size = 0x2000

.isr_vector     0x0000000008000000      0x188
                0x0000000008000000                . = ALIGN (0x4)
 *(.isr_vector)
 .isr_vector    0x0000000008000000      0x188 CMakeFiles/omni-infantry.elf.dir/Core/Startup/startup_stm32f407ighx.s.obj
                0x0000000008000000                g_pfnVectors
                0x0000000008000188                . = ALIGN (0x4)

.text           0x00000000080001c0    0x12e5c
                0x00000000080001c0                . = ALIGN (0x4)
 *(.text)
 .text          0x00000000080001c0       0x40 /Applications/ARM/bin/../lib/gcc/arm-none-eabi/10.3.1/thumb/v7e-m+fp/hard/crtbegin.o
 .text          0x0000000008000200      0x378 /Applications/ARM/bin/../lib/gcc/arm-none-eabi/10.3.1/thumb/v7e-m+fp/hard/libgcc.a(_arm_addsubdf3.o)
                0x0000000008000200                __aeabi_drsub
                0x0000000008000208                __subdf3
                0x0000000008000208                __aeabi_dsub
                0x000000000800020c                __aeabi_dadd
                0x000000000800020c                __adddf3
                0x0000000008000484                __aeabi_ui2d
                0x0000000008000484                __floatunsidf
                0x00000000080004a4                __floatsidf
                0x00000000080004a4                __aeabi_i2d
                0x00000000080004c8                __extendsfdf2
                0x00000000080004c8                __aeabi_f2d
                0x000000000800050c                __aeabi_ul2d
                0x000000000800050c                __floatundidf
                0x000000000800051c                __aeabi_l2d
                0x000000000800051c                __floatdidf
 .text          0x0000000008000578      0x110 /Applications/ARM/bin/../lib/gcc/arm-none-eabi/10.3.1/thumb/v7e-m+fp/hard/libgcc.a(_arm_cmpdf2.o)
                0x0000000008000578                __gedf2
                0x0000000008000578                __gtdf2
                0x0000000008000580                __ledf2
                0x0000000008000580                __ltdf2
                0x0000000008000588                __cmpdf2
                0x0000000008000588                __eqdf2
                0x0000000008000588                __nedf2
                0x0000000008000604                __aeabi_cdrcmple
                0x0000000008000614                __aeabi_cdcmple
                0x0000000008000614                __aeabi_cdcmpeq
                0x0000000008000624                __aeabi_dcmpeq
                0x0000000008000638                __aeabi_dcmplt
                0x000000000800064c                __aeabi_dcmple
                0x0000000008000660                __aeabi_dcmpge
                0x0000000008000674                __aeabi_dcmpgt
 .text          0x0000000008000688       0xa0 /Applications/ARM/bin/../lib/gcc/arm-none-eabi/10.3.1/thumb/v7e-m+fp/hard/libgcc.a(_arm_truncdfsf2.o)
                0x0000000008000688                __aeabi_d2f
                0x0000000008000688                __truncdfsf2
 .text          0x0000000008000728       0x30 /Applications/ARM/bin/../lib/gcc/arm-none-eabi/10.3.1/thumb/v7e-m+fp/hard/libgcc.a(_aeabi_uldivmod.o)
                0x0000000008000728                __aeabi_uldivmod
 .text          0x0000000008000758      0x2d0 /Applications/ARM/bin/../lib/gcc/arm-none-eabi/10.3.1/thumb/v7e-m+fp/hard/libgcc.a(_udivmoddi4.o)
                0x0000000008000758                __udivmoddi4
 .text          0x0000000008000a28        0x4 /Applications/ARM/bin/../lib/gcc/arm-none-eabi/10.3.1/thumb/v7e-m+fp/hard/libgcc.a(_dvmd_tls.o)
                0x0000000008000a28                __aeabi_ldiv0
                0x0000000008000a28                __aeabi_idiv0
 .text          0x0000000008000a2c      0x134 /Applications/ARM/bin/../lib/gcc/arm-none-eabi/10.3.1/../../../../arm-none-eabi/lib/thumb/v7e-m+fp/hard/libg.a(lib_a-memcpy.o)
                0x0000000008000a2c                memcpy
 *fill*         0x0000000008000b60       0x20 
 .text          0x0000000008000b80       0xdc /Applications/ARM/bin/../lib/gcc/arm-none-eabi/10.3.1/../../../../arm-none-eabi/lib/thumb/v7e-m+fp/hard/libg.a(lib_a-strlen.o)
                0x0000000008000b80                strlen
 .text          0x0000000008000c5c      0x424 /Applications/ARM/bin/../lib/gcc/arm-none-eabi/10.3.1/thumb/v7e-m+fp/hard/libgcc.a(_arm_muldivdf3.o)
                0x0000000008000c5c                __aeabi_dmul
                0x0000000008000c5c                __muldf3
                0x0000000008000eb0                __aeabi_ddiv
                0x0000000008000eb0                __divdf3
 .text          0x0000000008001080       0x2c /Applications/ARM/bin/../lib/gcc/arm-none-eabi/10.3.1/thumb/v7e-m+fp/hard/libgcc.a(_arm_unorddf2.o)
                0x0000000008001080                __aeabi_dcmpun
                0x0000000008001080                __unorddf2
 *(.text*)
 .text.MX_ADC1_Init
                0x00000000080010ac       0x70 CMakeFiles/omni-infantry.elf.dir/Core/Src/adc.c.obj
                0x00000000080010ac                MX_ADC1_Init
 .text.HAL_ADC_MspInit
                0x000000000800111c       0x30 CMakeFiles/omni-infantry.elf.dir/Core/Src/adc.c.obj
                0x000000000800111c                HAL_ADC_MspInit
 .text.MX_CAN1_Init
                0x000000000800114c       0x44 CMakeFiles/omni-infantry.elf.dir/Core/Src/can.c.obj
                0x000000000800114c                MX_CAN1_Init
 .text.MX_CAN2_Init
                0x0000000008001190       0x44 CMakeFiles/omni-infantry.elf.dir/Core/Src/can.c.obj
                0x0000000008001190                MX_CAN2_Init
 .text.HAL_CAN_MspInit
                0x00000000080011d4      0x128 CMakeFiles/omni-infantry.elf.dir/Core/Src/can.c.obj
                0x00000000080011d4                HAL_CAN_MspInit
 .text.MX_CRC_Init
                0x00000000080012fc       0x20 CMakeFiles/omni-infantry.elf.dir/Core/Src/crc.c.obj
                0x00000000080012fc                MX_CRC_Init
 .text.HAL_CRC_MspInit
                0x000000000800131c       0x30 CMakeFiles/omni-infantry.elf.dir/Core/Src/crc.c.obj
                0x000000000800131c                HAL_CRC_MspInit
 .text.MX_DMA_Init
                0x000000000800134c       0x88 CMakeFiles/omni-infantry.elf.dir/Core/Src/dma.c.obj
                0x000000000800134c                MX_DMA_Init
 .text.StartDefaultTask
                0x00000000080013d4        0xe CMakeFiles/omni-infantry.elf.dir/Core/Src/freertos.c.obj
                0x00000000080013d4                StartDefaultTask
 *fill*         0x00000000080013e2        0x2 
 .text.vApplicationGetIdleTaskMemory
                0x00000000080013e4       0x18 CMakeFiles/omni-infantry.elf.dir/Core/Src/freertos.c.obj
                0x00000000080013e4                vApplicationGetIdleTaskMemory
 .text.MX_FREERTOS_Init
                0x00000000080013fc      0x1a8 CMakeFiles/omni-infantry.elf.dir/Core/Src/freertos.c.obj
                0x00000000080013fc                MX_FREERTOS_Init
 .text.MX_GPIO_Init
                0x00000000080015a4      0x1e8 CMakeFiles/omni-infantry.elf.dir/Core/Src/gpio.c.obj
                0x00000000080015a4                MX_GPIO_Init
 .text.Error_Handler
                0x000000000800178c        0x4 CMakeFiles/omni-infantry.elf.dir/Core/Src/main.c.obj
                0x000000000800178c                Error_Handler
 .text.SystemClock_Config
                0x0000000008001790       0xa8 CMakeFiles/omni-infantry.elf.dir/Core/Src/main.c.obj
                0x0000000008001790                SystemClock_Config
 .text.main     0x0000000008001838       0xa8 CMakeFiles/omni-infantry.elf.dir/Core/Src/main.c.obj
                0x0000000008001838                main
 .text.MX_RNG_Init
                0x00000000080018e0       0x20 CMakeFiles/omni-infantry.elf.dir/Core/Src/rng.c.obj
                0x00000000080018e0                MX_RNG_Init
 .text.HAL_RNG_MspInit
                0x0000000008001900       0x30 CMakeFiles/omni-infantry.elf.dir/Core/Src/rng.c.obj
                0x0000000008001900                HAL_RNG_MspInit
 .text.MX_SPI1_Init
                0x0000000008001930       0x48 CMakeFiles/omni-infantry.elf.dir/Core/Src/spi.c.obj
                0x0000000008001930                MX_SPI1_Init
 .text.HAL_SPI_MspInit
                0x0000000008001978      0x130 CMakeFiles/omni-infantry.elf.dir/Core/Src/spi.c.obj
                0x0000000008001978                HAL_SPI_MspInit
 .text.HAL_MspInit
                0x0000000008001aa8       0x44 CMakeFiles/omni-infantry.elf.dir/Core/Src/stm32f4xx_hal_msp.c.obj
                0x0000000008001aa8                HAL_MspInit
 .text.NMI_Handler
                0x0000000008001aec        0x2 CMakeFiles/omni-infantry.elf.dir/Core/Src/stm32f4xx_it.c.obj
                0x0000000008001aec                NMI_Handler
 .text.HardFault_Handler
                0x0000000008001aee        0x2 CMakeFiles/omni-infantry.elf.dir/Core/Src/stm32f4xx_it.c.obj
                0x0000000008001aee                HardFault_Handler
 .text.MemManage_Handler
                0x0000000008001af0        0x2 CMakeFiles/omni-infantry.elf.dir/Core/Src/stm32f4xx_it.c.obj
                0x0000000008001af0                MemManage_Handler
 .text.BusFault_Handler
                0x0000000008001af2        0x2 CMakeFiles/omni-infantry.elf.dir/Core/Src/stm32f4xx_it.c.obj
                0x0000000008001af2                BusFault_Handler
 .text.UsageFault_Handler
                0x0000000008001af4        0x2 CMakeFiles/omni-infantry.elf.dir/Core/Src/stm32f4xx_it.c.obj
                0x0000000008001af4                UsageFault_Handler
 .text.DebugMon_Handler
                0x0000000008001af6        0x2 CMakeFiles/omni-infantry.elf.dir/Core/Src/stm32f4xx_it.c.obj
                0x0000000008001af6                DebugMon_Handler
 .text.SysTick_Handler
                0x0000000008001af8       0x16 CMakeFiles/omni-infantry.elf.dir/Core/Src/stm32f4xx_it.c.obj
                0x0000000008001af8                SysTick_Handler
 .text.EXTI0_IRQHandler
                0x0000000008001b0e        0xa CMakeFiles/omni-infantry.elf.dir/Core/Src/stm32f4xx_it.c.obj
                0x0000000008001b0e                EXTI0_IRQHandler
 .text.EXTI4_IRQHandler
                0x0000000008001b18        0xa CMakeFiles/omni-infantry.elf.dir/Core/Src/stm32f4xx_it.c.obj
                0x0000000008001b18                EXTI4_IRQHandler
 *fill*         0x0000000008001b22        0x2 
 .text.DMA1_Stream1_IRQHandler
                0x0000000008001b24       0x10 CMakeFiles/omni-infantry.elf.dir/Core/Src/stm32f4xx_it.c.obj
                0x0000000008001b24                DMA1_Stream1_IRQHandler
 .text.CAN1_RX0_IRQHandler
                0x0000000008001b34       0x10 CMakeFiles/omni-infantry.elf.dir/Core/Src/stm32f4xx_it.c.obj
                0x0000000008001b34                CAN1_RX0_IRQHandler
 .text.EXTI9_5_IRQHandler
                0x0000000008001b44        0xa CMakeFiles/omni-infantry.elf.dir/Core/Src/stm32f4xx_it.c.obj
                0x0000000008001b44                EXTI9_5_IRQHandler
 *fill*         0x0000000008001b4e        0x2 
 .text.DMA2_Stream1_IRQHandler
                0x0000000008001b50       0x10 CMakeFiles/omni-infantry.elf.dir/Core/Src/stm32f4xx_it.c.obj
                0x0000000008001b50                DMA2_Stream1_IRQHandler
 .text.DMA2_Stream3_IRQHandler
                0x0000000008001b60       0x10 CMakeFiles/omni-infantry.elf.dir/Core/Src/stm32f4xx_it.c.obj
                0x0000000008001b60                DMA2_Stream3_IRQHandler
 .text.CAN2_RX0_IRQHandler
                0x0000000008001b70       0x10 CMakeFiles/omni-infantry.elf.dir/Core/Src/stm32f4xx_it.c.obj
                0x0000000008001b70                CAN2_RX0_IRQHandler
 .text.OTG_FS_IRQHandler
                0x0000000008001b80       0x10 CMakeFiles/omni-infantry.elf.dir/Core/Src/stm32f4xx_it.c.obj
                0x0000000008001b80                OTG_FS_IRQHandler
 .text.DMA2_Stream6_IRQHandler
                0x0000000008001b90       0x10 CMakeFiles/omni-infantry.elf.dir/Core/Src/stm32f4xx_it.c.obj
                0x0000000008001b90                DMA2_Stream6_IRQHandler
 .text.SystemInit
                0x0000000008001ba0       0x14 CMakeFiles/omni-infantry.elf.dir/Core/Src/system_stm32f4xx.c.obj
                0x0000000008001ba0                SystemInit
 .text.HAL_TIM_PWM_MspInit
                0x0000000008001bb4       0x78 CMakeFiles/omni-infantry.elf.dir/Core/Src/tim.c.obj
                0x0000000008001bb4                HAL_TIM_PWM_MspInit
 .text.HAL_TIM_Base_MspInit
                0x0000000008001c2c       0x78 CMakeFiles/omni-infantry.elf.dir/Core/Src/tim.c.obj
                0x0000000008001c2c                HAL_TIM_Base_MspInit
 .text.HAL_TIM_MspPostInit
                0x0000000008001ca4      0x220 CMakeFiles/omni-infantry.elf.dir/Core/Src/tim.c.obj
                0x0000000008001ca4                HAL_TIM_MspPostInit
 .text.MX_TIM1_Init
                0x0000000008001ec4      0x120 CMakeFiles/omni-infantry.elf.dir/Core/Src/tim.c.obj
                0x0000000008001ec4                MX_TIM1_Init
 .text.MX_TIM3_Init
                0x0000000008001fe4       0x80 CMakeFiles/omni-infantry.elf.dir/Core/Src/tim.c.obj
                0x0000000008001fe4                MX_TIM3_Init
 .text.MX_TIM4_Init
                0x0000000008002064       0xb0 CMakeFiles/omni-infantry.elf.dir/Core/Src/tim.c.obj
                0x0000000008002064                MX_TIM4_Init
 .text.MX_TIM5_Init
                0x0000000008002114       0xd4 CMakeFiles/omni-infantry.elf.dir/Core/Src/tim.c.obj
                0x0000000008002114                MX_TIM5_Init
 .text.MX_TIM8_Init
                0x00000000080021e8       0xd4 CMakeFiles/omni-infantry.elf.dir/Core/Src/tim.c.obj
                0x00000000080021e8                MX_TIM8_Init
 .text.MX_TIM10_Init
                0x00000000080022bc       0x74 CMakeFiles/omni-infantry.elf.dir/Core/Src/tim.c.obj
                0x00000000080022bc                MX_TIM10_Init
 .text.MX_USART3_UART_Init
                0x0000000008002330       0x3c CMakeFiles/omni-infantry.elf.dir/Core/Src/usart.c.obj
                0x0000000008002330                MX_USART3_UART_Init
 .text.MX_USART6_UART_Init
                0x000000000800236c       0x34 CMakeFiles/omni-infantry.elf.dir/Core/Src/usart.c.obj
                0x000000000800236c                MX_USART6_UART_Init
 .text.HAL_UART_MspInit
                0x00000000080023a0      0x1b0 CMakeFiles/omni-infantry.elf.dir/Core/Src/usart.c.obj
                0x00000000080023a0                HAL_UART_MspInit
 .text.Reset_Handler
                0x0000000008002550       0x50 CMakeFiles/omni-infantry.elf.dir/Core/Startup/startup_stm32f407ighx.s.obj
                0x0000000008002550                Reset_Handler
 .text.Default_Handler
                0x00000000080025a0        0x2 CMakeFiles/omni-infantry.elf.dir/Core/Startup/startup_stm32f407ighx.s.obj
                0x00000000080025a0                DMA1_Stream3_IRQHandler
                0x00000000080025a0                HASH_RNG_IRQHandler
                0x00000000080025a0                EXTI2_IRQHandler
                0x00000000080025a0                TIM8_CC_IRQHandler
                0x00000000080025a0                TIM1_CC_IRQHandler
                0x00000000080025a0                DMA2_Stream5_IRQHandler
                0x00000000080025a0                DMA1_Stream5_IRQHandler
                0x00000000080025a0                PVD_IRQHandler
                0x00000000080025a0                SDIO_IRQHandler
                0x00000000080025a0                TAMP_STAMP_IRQHandler
                0x00000000080025a0                CAN2_RX1_IRQHandler
                0x00000000080025a0                EXTI3_IRQHandler
                0x00000000080025a0                TIM8_TRG_COM_TIM14_IRQHandler
                0x00000000080025a0                TIM1_UP_TIM10_IRQHandler
                0x00000000080025a0                TIM8_UP_TIM13_IRQHandler
                0x00000000080025a0                I2C3_ER_IRQHandler
                0x00000000080025a0                I2C2_EV_IRQHandler
                0x00000000080025a0                DMA1_Stream2_IRQHandler
                0x00000000080025a0                FPU_IRQHandler
                0x00000000080025a0                OTG_HS_WKUP_IRQHandler
                0x00000000080025a0                CAN2_SCE_IRQHandler
                0x00000000080025a0                SPI1_IRQHandler
                0x00000000080025a0                TIM6_DAC_IRQHandler
                0x00000000080025a0                TIM1_BRK_TIM9_IRQHandler
                0x00000000080025a0                DCMI_IRQHandler
                0x00000000080025a0                CAN1_RX1_IRQHandler
                0x00000000080025a0                UART5_IRQHandler
                0x00000000080025a0                DMA2_Stream0_IRQHandler
                0x00000000080025a0                TIM4_IRQHandler
                0x00000000080025a0                I2C1_EV_IRQHandler
                0x00000000080025a0                DMA1_Stream6_IRQHandler
                0x00000000080025a0                UART4_IRQHandler
                0x00000000080025a0                TIM3_IRQHandler
                0x00000000080025a0                RCC_IRQHandler
                0x00000000080025a0                TIM8_BRK_TIM12_IRQHandler
                0x00000000080025a0                Default_Handler
                0x00000000080025a0                EXTI15_10_IRQHandler
                0x00000000080025a0                ADC_IRQHandler
                0x00000000080025a0                DMA1_Stream7_IRQHandler
                0x00000000080025a0                TIM7_IRQHandler
                0x00000000080025a0                CAN2_TX_IRQHandler
                0x00000000080025a0                TIM5_IRQHandler
                0x00000000080025a0                DMA2_Stream7_IRQHandler
                0x00000000080025a0                I2C3_EV_IRQHandler
                0x00000000080025a0                RTC_WKUP_IRQHandler
                0x00000000080025a0                ETH_WKUP_IRQHandler
                0x00000000080025a0                SPI2_IRQHandler
                0x00000000080025a0                OTG_HS_EP1_IN_IRQHandler
                0x00000000080025a0                DMA1_Stream0_IRQHandler
                0x00000000080025a0                CAN1_TX_IRQHandler
                0x00000000080025a0                FSMC_IRQHandler
                0x00000000080025a0                ETH_IRQHandler
                0x00000000080025a0                OTG_HS_EP1_OUT_IRQHandler
                0x00000000080025a0                WWDG_IRQHandler
                0x00000000080025a0                TIM2_IRQHandler
                0x00000000080025a0                OTG_FS_WKUP_IRQHandler
                0x00000000080025a0                TIM1_TRG_COM_TIM11_IRQHandler
                0x00000000080025a0                OTG_HS_IRQHandler
                0x00000000080025a0                EXTI1_IRQHandler
                0x00000000080025a0                USART2_IRQHandler
                0x00000000080025a0                I2C2_ER_IRQHandler
                0x00000000080025a0                CAN1_SCE_IRQHandler
                0x00000000080025a0                FLASH_IRQHandler
                0x00000000080025a0                DMA2_Stream4_IRQHandler
                0x00000000080025a0                USART1_IRQHandler
                0x00000000080025a0                SPI3_IRQHandler
                0x00000000080025a0                DMA1_Stream4_IRQHandler
                0x00000000080025a0                I2C1_ER_IRQHandler
                0x00000000080025a0                RTC_Alarm_IRQHandler
 *fill*         0x00000000080025a2        0x2 
 .text.HAL_InitTick
                0x00000000080025a4       0x4c CMakeFiles/omni-infantry.elf.dir/Drivers/STM32F4xx_HAL_Driver/Src/stm32f4xx_hal.c.obj
                0x00000000080025a4                HAL_InitTick
 .text.HAL_Init
                0x00000000080025f0       0x34 CMakeFiles/omni-infantry.elf.dir/Drivers/STM32F4xx_HAL_Driver/Src/stm32f4xx_hal.c.obj
                0x00000000080025f0                HAL_Init
 .text.HAL_IncTick
                0x0000000008002624       0x18 CMakeFiles/omni-infantry.elf.dir/Drivers/STM32F4xx_HAL_Driver/Src/stm32f4xx_hal.c.obj
                0x0000000008002624                HAL_IncTick
 .text.HAL_GetTick
                0x000000000800263c        0xc CMakeFiles/omni-infantry.elf.dir/Drivers/STM32F4xx_HAL_Driver/Src/stm32f4xx_hal.c.obj
                0x000000000800263c                HAL_GetTick
 .text.HAL_Delay
                0x0000000008002648       0x28 CMakeFiles/omni-infantry.elf.dir/Drivers/STM32F4xx_HAL_Driver/Src/stm32f4xx_hal.c.obj
                0x0000000008002648                HAL_Delay
 .text.ADC_Init
                0x0000000008002670      0x134 CMakeFiles/omni-infantry.elf.dir/Drivers/STM32F4xx_HAL_Driver/Src/stm32f4xx_hal_adc.c.obj
 .text.HAL_ADC_Init
                0x00000000080027a4       0x56 CMakeFiles/omni-infantry.elf.dir/Drivers/STM32F4xx_HAL_Driver/Src/stm32f4xx_hal_adc.c.obj
                0x00000000080027a4                HAL_ADC_Init
 *fill*         0x00000000080027fa        0x2 
 .text.HAL_ADC_Start
                0x00000000080027fc      0x144 CMakeFiles/omni-infantry.elf.dir/Drivers/STM32F4xx_HAL_Driver/Src/stm32f4xx_hal_adc.c.obj
                0x00000000080027fc                HAL_ADC_Start
 .text.HAL_ADC_PollForConversion
                0x0000000008002940       0xb8 CMakeFiles/omni-infantry.elf.dir/Drivers/STM32F4xx_HAL_Driver/Src/stm32f4xx_hal_adc.c.obj
                0x0000000008002940                HAL_ADC_PollForConversion
 .text.HAL_ADC_GetValue
                0x00000000080029f8        0x6 CMakeFiles/omni-infantry.elf.dir/Drivers/STM32F4xx_HAL_Driver/Src/stm32f4xx_hal_adc.c.obj
                0x00000000080029f8                HAL_ADC_GetValue
 *fill*         0x00000000080029fe        0x2 
 .text.HAL_ADC_ConfigChannel
                0x0000000008002a00      0x198 CMakeFiles/omni-infantry.elf.dir/Drivers/STM32F4xx_HAL_Driver/Src/stm32f4xx_hal_adc.c.obj
                0x0000000008002a00                HAL_ADC_ConfigChannel
 .text.HAL_CAN_Init
                0x0000000008002b98      0x14c CMakeFiles/omni-infantry.elf.dir/Drivers/STM32F4xx_HAL_Driver/Src/stm32f4xx_hal_can.c.obj
                0x0000000008002b98                HAL_CAN_Init
 .text.HAL_CAN_ConfigFilter
                0x0000000008002ce4      0x138 CMakeFiles/omni-infantry.elf.dir/Drivers/STM32F4xx_HAL_Driver/Src/stm32f4xx_hal_can.c.obj
                0x0000000008002ce4                HAL_CAN_ConfigFilter
 .text.HAL_CAN_Start
                0x0000000008002e1c       0x5c CMakeFiles/omni-infantry.elf.dir/Drivers/STM32F4xx_HAL_Driver/Src/stm32f4xx_hal_can.c.obj
                0x0000000008002e1c                HAL_CAN_Start
 .text.HAL_CAN_AddTxMessage
                0x0000000008002e78       0xfc CMakeFiles/omni-infantry.elf.dir/Drivers/STM32F4xx_HAL_Driver/Src/stm32f4xx_hal_can.c.obj
                0x0000000008002e78                HAL_CAN_AddTxMessage
 .text.HAL_CAN_GetRxMessage
                0x0000000008002f74      0x14a CMakeFiles/omni-infantry.elf.dir/Drivers/STM32F4xx_HAL_Driver/Src/stm32f4xx_hal_can.c.obj
                0x0000000008002f74                HAL_CAN_GetRxMessage
 .text.HAL_CAN_ActivateNotification
                0x00000000080030be       0x24 CMakeFiles/omni-infantry.elf.dir/Drivers/STM32F4xx_HAL_Driver/Src/stm32f4xx_hal_can.c.obj
                0x00000000080030be                HAL_CAN_ActivateNotification
 .text.HAL_CAN_TxMailbox0CompleteCallback
                0x00000000080030e2        0x2 CMakeFiles/omni-infantry.elf.dir/Drivers/STM32F4xx_HAL_Driver/Src/stm32f4xx_hal_can.c.obj
                0x00000000080030e2                HAL_CAN_TxMailbox0CompleteCallback
 .text.HAL_CAN_TxMailbox1CompleteCallback
                0x00000000080030e4        0x2 CMakeFiles/omni-infantry.elf.dir/Drivers/STM32F4xx_HAL_Driver/Src/stm32f4xx_hal_can.c.obj
                0x00000000080030e4                HAL_CAN_TxMailbox1CompleteCallback
 .text.HAL_CAN_TxMailbox2CompleteCallback
                0x00000000080030e6        0x2 CMakeFiles/omni-infantry.elf.dir/Drivers/STM32F4xx_HAL_Driver/Src/stm32f4xx_hal_can.c.obj
                0x00000000080030e6                HAL_CAN_TxMailbox2CompleteCallback
 .text.HAL_CAN_TxMailbox0AbortCallback
                0x00000000080030e8        0x2 CMakeFiles/omni-infantry.elf.dir/Drivers/STM32F4xx_HAL_Driver/Src/stm32f4xx_hal_can.c.obj
                0x00000000080030e8                HAL_CAN_TxMailbox0AbortCallback
 .text.HAL_CAN_TxMailbox1AbortCallback
                0x00000000080030ea        0x2 CMakeFiles/omni-infantry.elf.dir/Drivers/STM32F4xx_HAL_Driver/Src/stm32f4xx_hal_can.c.obj
                0x00000000080030ea                HAL_CAN_TxMailbox1AbortCallback
 .text.HAL_CAN_TxMailbox2AbortCallback
                0x00000000080030ec        0x2 CMakeFiles/omni-infantry.elf.dir/Drivers/STM32F4xx_HAL_Driver/Src/stm32f4xx_hal_can.c.obj
                0x00000000080030ec                HAL_CAN_TxMailbox2AbortCallback
 .text.HAL_CAN_RxFifo0FullCallback
                0x00000000080030ee        0x2 CMakeFiles/omni-infantry.elf.dir/Drivers/STM32F4xx_HAL_Driver/Src/stm32f4xx_hal_can.c.obj
                0x00000000080030ee                HAL_CAN_RxFifo0FullCallback
 .text.HAL_CAN_RxFifo1MsgPendingCallback
                0x00000000080030f0        0x2 CMakeFiles/omni-infantry.elf.dir/Drivers/STM32F4xx_HAL_Driver/Src/stm32f4xx_hal_can.c.obj
                0x00000000080030f0                HAL_CAN_RxFifo1MsgPendingCallback
 .text.HAL_CAN_RxFifo1FullCallback
                0x00000000080030f2        0x2 CMakeFiles/omni-infantry.elf.dir/Drivers/STM32F4xx_HAL_Driver/Src/stm32f4xx_hal_can.c.obj
                0x00000000080030f2                HAL_CAN_RxFifo1FullCallback
 .text.HAL_CAN_SleepCallback
                0x00000000080030f4        0x2 CMakeFiles/omni-infantry.elf.dir/Drivers/STM32F4xx_HAL_Driver/Src/stm32f4xx_hal_can.c.obj
                0x00000000080030f4                HAL_CAN_SleepCallback
 .text.HAL_CAN_WakeUpFromRxMsgCallback
                0x00000000080030f6        0x2 CMakeFiles/omni-infantry.elf.dir/Drivers/STM32F4xx_HAL_Driver/Src/stm32f4xx_hal_can.c.obj
                0x00000000080030f6                HAL_CAN_WakeUpFromRxMsgCallback
 .text.HAL_CAN_ErrorCallback
                0x00000000080030f8        0x2 CMakeFiles/omni-infantry.elf.dir/Drivers/STM32F4xx_HAL_Driver/Src/stm32f4xx_hal_can.c.obj
                0x00000000080030f8                HAL_CAN_ErrorCallback
 .text.HAL_CAN_IRQHandler
                0x00000000080030fa      0x24a CMakeFiles/omni-infantry.elf.dir/Drivers/STM32F4xx_HAL_Driver/Src/stm32f4xx_hal_can.c.obj
                0x00000000080030fa                HAL_CAN_IRQHandler
 .text.HAL_NVIC_SetPriorityGrouping
                0x0000000008003344       0x24 CMakeFiles/omni-infantry.elf.dir/Drivers/STM32F4xx_HAL_Driver/Src/stm32f4xx_hal_cortex.c.obj
                0x0000000008003344                HAL_NVIC_SetPriorityGrouping
 .text.HAL_NVIC_SetPriority
                0x0000000008003368       0x70 CMakeFiles/omni-infantry.elf.dir/Drivers/STM32F4xx_HAL_Driver/Src/stm32f4xx_hal_cortex.c.obj
                0x0000000008003368                HAL_NVIC_SetPriority
 .text.HAL_NVIC_EnableIRQ
                0x00000000080033d8       0x1c CMakeFiles/omni-infantry.elf.dir/Drivers/STM32F4xx_HAL_Driver/Src/stm32f4xx_hal_cortex.c.obj
                0x00000000080033d8                HAL_NVIC_EnableIRQ
 .text.HAL_SYSTICK_Config
                0x00000000080033f4       0x28 CMakeFiles/omni-infantry.elf.dir/Drivers/STM32F4xx_HAL_Driver/Src/stm32f4xx_hal_cortex.c.obj
                0x00000000080033f4                HAL_SYSTICK_Config
 .text.HAL_CRC_Init
                0x000000000800341c       0x1e CMakeFiles/omni-infantry.elf.dir/Drivers/STM32F4xx_HAL_Driver/Src/stm32f4xx_hal_crc.c.obj
                0x000000000800341c                HAL_CRC_Init
 *fill*         0x000000000800343a        0x2 
 .text.DMA_CalcBaseAndBitshift
                0x000000000800343c       0x44 CMakeFiles/omni-infantry.elf.dir/Drivers/STM32F4xx_HAL_Driver/Src/stm32f4xx_hal_dma.c.obj
 .text.DMA_CheckFifoParam
                0x0000000008003480       0x8e CMakeFiles/omni-infantry.elf.dir/Drivers/STM32F4xx_HAL_Driver/Src/stm32f4xx_hal_dma.c.obj
 *fill*         0x000000000800350e        0x2 
 .text.HAL_DMA_Init
                0x0000000008003510       0xcc CMakeFiles/omni-infantry.elf.dir/Drivers/STM32F4xx_HAL_Driver/Src/stm32f4xx_hal_dma.c.obj
                0x0000000008003510                HAL_DMA_Init
 .text.HAL_DMA_IRQHandler
                0x00000000080035dc      0x1dc CMakeFiles/omni-infantry.elf.dir/Drivers/STM32F4xx_HAL_Driver/Src/stm32f4xx_hal_dma.c.obj
                0x00000000080035dc                HAL_DMA_IRQHandler
 .text.FLASH_Program_DoubleWord
                0x00000000080037b8       0x30 CMakeFiles/omni-infantry.elf.dir/Drivers/STM32F4xx_HAL_Driver/Src/stm32f4xx_hal_flash.c.obj
 .text.FLASH_Program_Word
                0x00000000080037e8       0x24 CMakeFiles/omni-infantry.elf.dir/Drivers/STM32F4xx_HAL_Driver/Src/stm32f4xx_hal_flash.c.obj
 .text.FLASH_Program_HalfWord
                0x000000000800380c       0x24 CMakeFiles/omni-infantry.elf.dir/Drivers/STM32F4xx_HAL_Driver/Src/stm32f4xx_hal_flash.c.obj
 .text.FLASH_Program_Byte
                0x0000000008003830       0x20 CMakeFiles/omni-infantry.elf.dir/Drivers/STM32F4xx_HAL_Driver/Src/stm32f4xx_hal_flash.c.obj
 .text.FLASH_SetErrorCode
                0x0000000008003850       0x8c CMakeFiles/omni-infantry.elf.dir/Drivers/STM32F4xx_HAL_Driver/Src/stm32f4xx_hal_flash.c.obj
 .text.HAL_FLASH_Unlock
                0x00000000080038dc       0x30 CMakeFiles/omni-infantry.elf.dir/Drivers/STM32F4xx_HAL_Driver/Src/stm32f4xx_hal_flash.c.obj
                0x00000000080038dc                HAL_FLASH_Unlock
 .text.HAL_FLASH_Lock
                0x000000000800390c       0x14 CMakeFiles/omni-infantry.elf.dir/Drivers/STM32F4xx_HAL_Driver/Src/stm32f4xx_hal_flash.c.obj
                0x000000000800390c                HAL_FLASH_Lock
 .text.FLASH_WaitForLastOperation
                0x0000000008003920       0x60 CMakeFiles/omni-infantry.elf.dir/Drivers/STM32F4xx_HAL_Driver/Src/stm32f4xx_hal_flash.c.obj
                0x0000000008003920                FLASH_WaitForLastOperation
 .text.HAL_FLASH_Program
                0x0000000008003980       0x7c CMakeFiles/omni-infantry.elf.dir/Drivers/STM32F4xx_HAL_Driver/Src/stm32f4xx_hal_flash.c.obj
                0x0000000008003980                HAL_FLASH_Program
 .text.FLASH_MassErase
                0x00000000080039fc       0x24 CMakeFiles/omni-infantry.elf.dir/Drivers/STM32F4xx_HAL_Driver/Src/stm32f4xx_hal_flash_ex.c.obj
 .text.FLASH_Erase_Sector
                0x0000000008003a20       0x54 CMakeFiles/omni-infantry.elf.dir/Drivers/STM32F4xx_HAL_Driver/Src/stm32f4xx_hal_flash_ex.c.obj
                0x0000000008003a20                FLASH_Erase_Sector
 .text.FLASH_FlushCaches
                0x0000000008003a74       0x60 CMakeFiles/omni-infantry.elf.dir/Drivers/STM32F4xx_HAL_Driver/Src/stm32f4xx_hal_flash_ex.c.obj
                0x0000000008003a74                FLASH_FlushCaches
 .text.HAL_FLASHEx_Erase
                0x0000000008003ad4       0x94 CMakeFiles/omni-infantry.elf.dir/Drivers/STM32F4xx_HAL_Driver/Src/stm32f4xx_hal_flash_ex.c.obj
                0x0000000008003ad4                HAL_FLASHEx_Erase
 .text.HAL_GPIO_Init
                0x0000000008003b68      0x1e4 CMakeFiles/omni-infantry.elf.dir/Drivers/STM32F4xx_HAL_Driver/Src/stm32f4xx_hal_gpio.c.obj
                0x0000000008003b68                HAL_GPIO_Init
 .text.HAL_GPIO_WritePin
                0x0000000008003d4c        0xc CMakeFiles/omni-infantry.elf.dir/Drivers/STM32F4xx_HAL_Driver/Src/stm32f4xx_hal_gpio.c.obj
                0x0000000008003d4c                HAL_GPIO_WritePin
 .text.HAL_GPIO_EXTI_IRQHandler
                0x0000000008003d58       0x1c CMakeFiles/omni-infantry.elf.dir/Drivers/STM32F4xx_HAL_Driver/Src/stm32f4xx_hal_gpio.c.obj
                0x0000000008003d58                HAL_GPIO_EXTI_IRQHandler
 .text.PCD_WriteEmptyTxFifo
                0x0000000008003d74       0xd0 CMakeFiles/omni-infantry.elf.dir/Drivers/STM32F4xx_HAL_Driver/Src/stm32f4xx_hal_pcd.c.obj
 .text.HAL_PCD_Init
                0x0000000008003e44      0x12e CMakeFiles/omni-infantry.elf.dir/Drivers/STM32F4xx_HAL_Driver/Src/stm32f4xx_hal_pcd.c.obj
                0x0000000008003e44                HAL_PCD_Init
 .text.HAL_PCD_Start
                0x0000000008003f72       0x42 CMakeFiles/omni-infantry.elf.dir/Drivers/STM32F4xx_HAL_Driver/Src/stm32f4xx_hal_pcd.c.obj
                0x0000000008003f72                HAL_PCD_Start
 .text.PCD_EP_OutXfrComplete_int
                0x0000000008003fb4      0x104 CMakeFiles/omni-infantry.elf.dir/Drivers/STM32F4xx_HAL_Driver/Src/stm32f4xx_hal_pcd.c.obj
 .text.PCD_EP_OutSetupPacket_int
                0x00000000080040b8       0x50 CMakeFiles/omni-infantry.elf.dir/Drivers/STM32F4xx_HAL_Driver/Src/stm32f4xx_hal_pcd.c.obj
 .text.HAL_PCD_SetAddress
                0x0000000008004108       0x28 CMakeFiles/omni-infantry.elf.dir/Drivers/STM32F4xx_HAL_Driver/Src/stm32f4xx_hal_pcd.c.obj
                0x0000000008004108                HAL_PCD_SetAddress
 .text.HAL_PCD_EP_Open
                0x0000000008004130       0x8a CMakeFiles/omni-infantry.elf.dir/Drivers/STM32F4xx_HAL_Driver/Src/stm32f4xx_hal_pcd.c.obj
                0x0000000008004130                HAL_PCD_EP_Open
 .text.HAL_PCD_EP_Close
                0x00000000080041ba       0x72 CMakeFiles/omni-infantry.elf.dir/Drivers/STM32F4xx_HAL_Driver/Src/stm32f4xx_hal_pcd.c.obj
                0x00000000080041ba                HAL_PCD_EP_Close
 .text.HAL_PCD_EP_Receive
                0x000000000800422c       0x5e CMakeFiles/omni-infantry.elf.dir/Drivers/STM32F4xx_HAL_Driver/Src/stm32f4xx_hal_pcd.c.obj
                0x000000000800422c                HAL_PCD_EP_Receive
 .text.HAL_PCD_EP_GetRxCount
                0x000000000800428a       0x12 CMakeFiles/omni-infantry.elf.dir/Drivers/STM32F4xx_HAL_Driver/Src/stm32f4xx_hal_pcd.c.obj
                0x000000000800428a                HAL_PCD_EP_GetRxCount
 .text.HAL_PCD_EP_Transmit
                0x000000000800429c       0x5e CMakeFiles/omni-infantry.elf.dir/Drivers/STM32F4xx_HAL_Driver/Src/stm32f4xx_hal_pcd.c.obj
                0x000000000800429c                HAL_PCD_EP_Transmit
 .text.HAL_PCD_EP_SetStall
                0x00000000080042fa       0x88 CMakeFiles/omni-infantry.elf.dir/Drivers/STM32F4xx_HAL_Driver/Src/stm32f4xx_hal_pcd.c.obj
                0x00000000080042fa                HAL_PCD_EP_SetStall
 .text.HAL_PCD_EP_ClrStall
                0x0000000008004382       0x76 CMakeFiles/omni-infantry.elf.dir/Drivers/STM32F4xx_HAL_Driver/Src/stm32f4xx_hal_pcd.c.obj
                0x0000000008004382                HAL_PCD_EP_ClrStall
 .text.HAL_PCD_EP_Abort
                0x00000000080043f8       0x34 CMakeFiles/omni-infantry.elf.dir/Drivers/STM32F4xx_HAL_Driver/Src/stm32f4xx_hal_pcd.c.obj
                0x00000000080043f8                HAL_PCD_EP_Abort
 .text.HAL_PCD_IRQHandler
                0x000000000800442c      0x5c4 CMakeFiles/omni-infantry.elf.dir/Drivers/STM32F4xx_HAL_Driver/Src/stm32f4xx_hal_pcd.c.obj
                0x000000000800442c                HAL_PCD_IRQHandler
 .text.HAL_PCDEx_SetTxFiFo
                0x00000000080049f0       0x4c CMakeFiles/omni-infantry.elf.dir/Drivers/STM32F4xx_HAL_Driver/Src/stm32f4xx_hal_pcd_ex.c.obj
                0x00000000080049f0                HAL_PCDEx_SetTxFiFo
 .text.HAL_PCDEx_SetRxFiFo
                0x0000000008004a3c        0x8 CMakeFiles/omni-infantry.elf.dir/Drivers/STM32F4xx_HAL_Driver/Src/stm32f4xx_hal_pcd_ex.c.obj
                0x0000000008004a3c                HAL_PCDEx_SetRxFiFo
 .text.HAL_PCDEx_LPM_Callback
                0x0000000008004a44        0x2 CMakeFiles/omni-infantry.elf.dir/Drivers/STM32F4xx_HAL_Driver/Src/stm32f4xx_hal_pcd_ex.c.obj
                0x0000000008004a44                HAL_PCDEx_LPM_Callback
 *fill*         0x0000000008004a46        0x2 
 .text.HAL_RCC_OscConfig
                0x0000000008004a48      0x3f8 CMakeFiles/omni-infantry.elf.dir/Drivers/STM32F4xx_HAL_Driver/Src/stm32f4xx_hal_rcc.c.obj
                0x0000000008004a48                HAL_RCC_OscConfig
 .text.HAL_RCC_GetSysClockFreq
                0x0000000008004e40       0xa4 CMakeFiles/omni-infantry.elf.dir/Drivers/STM32F4xx_HAL_Driver/Src/stm32f4xx_hal_rcc.c.obj
                0x0000000008004e40                HAL_RCC_GetSysClockFreq
 .text.HAL_RCC_ClockConfig
                0x0000000008004ee4      0x160 CMakeFiles/omni-infantry.elf.dir/Drivers/STM32F4xx_HAL_Driver/Src/stm32f4xx_hal_rcc.c.obj
                0x0000000008004ee4                HAL_RCC_ClockConfig
 .text.HAL_RCC_GetHCLKFreq
                0x0000000008005044        0xc CMakeFiles/omni-infantry.elf.dir/Drivers/STM32F4xx_HAL_Driver/Src/stm32f4xx_hal_rcc.c.obj
                0x0000000008005044                HAL_RCC_GetHCLKFreq
 .text.HAL_RCC_GetPCLK1Freq
                0x0000000008005050       0x20 CMakeFiles/omni-infantry.elf.dir/Drivers/STM32F4xx_HAL_Driver/Src/stm32f4xx_hal_rcc.c.obj
                0x0000000008005050                HAL_RCC_GetPCLK1Freq
 .text.HAL_RCC_GetPCLK2Freq
                0x0000000008005070       0x20 CMakeFiles/omni-infantry.elf.dir/Drivers/STM32F4xx_HAL_Driver/Src/stm32f4xx_hal_rcc.c.obj
                0x0000000008005070                HAL_RCC_GetPCLK2Freq
 .text.HAL_RNG_Init
                0x0000000008005090       0x2e CMakeFiles/omni-infantry.elf.dir/Drivers/STM32F4xx_HAL_Driver/Src/stm32f4xx_hal_rng.c.obj
                0x0000000008005090                HAL_RNG_Init
 *fill*         0x00000000080050be        0x2 
 .text.SPI_WaitFlagStateUntilTimeout
                0x00000000080050c0       0xd4 CMakeFiles/omni-infantry.elf.dir/Drivers/STM32F4xx_HAL_Driver/Src/stm32f4xx_hal_spi.c.obj
 .text.SPI_EndRxTxTransaction
                0x0000000008005194       0x68 CMakeFiles/omni-infantry.elf.dir/Drivers/STM32F4xx_HAL_Driver/Src/stm32f4xx_hal_spi.c.obj
 .text.HAL_SPI_Init
                0x00000000080051fc       0xbe CMakeFiles/omni-infantry.elf.dir/Drivers/STM32F4xx_HAL_Driver/Src/stm32f4xx_hal_spi.c.obj
                0x00000000080051fc                HAL_SPI_Init
 .text.HAL_SPI_TransmitReceive
                0x00000000080052ba      0x238 CMakeFiles/omni-infantry.elf.dir/Drivers/STM32F4xx_HAL_Driver/Src/stm32f4xx_hal_spi.c.obj
                0x00000000080052ba                HAL_SPI_TransmitReceive
 *fill*         0x00000000080054f2        0x2 
 .text.TIM_OC1_SetConfig
                0x00000000080054f4       0x68 CMakeFiles/omni-infantry.elf.dir/Drivers/STM32F4xx_HAL_Driver/Src/stm32f4xx_hal_tim.c.obj
 .text.TIM_OC3_SetConfig
                0x000000000800555c       0x70 CMakeFiles/omni-infantry.elf.dir/Drivers/STM32F4xx_HAL_Driver/Src/stm32f4xx_hal_tim.c.obj
 .text.TIM_OC4_SetConfig
                0x00000000080055cc       0x50 CMakeFiles/omni-infantry.elf.dir/Drivers/STM32F4xx_HAL_Driver/Src/stm32f4xx_hal_tim.c.obj
 .text.TIM_TI1_ConfigInputStage
                0x000000000800561c       0x26 CMakeFiles/omni-infantry.elf.dir/Drivers/STM32F4xx_HAL_Driver/Src/stm32f4xx_hal_tim.c.obj
 .text.TIM_TI2_ConfigInputStage
                0x0000000008005642       0x28 CMakeFiles/omni-infantry.elf.dir/Drivers/STM32F4xx_HAL_Driver/Src/stm32f4xx_hal_tim.c.obj
 .text.TIM_ITRx_SetConfig
                0x000000000800566a       0x10 CMakeFiles/omni-infantry.elf.dir/Drivers/STM32F4xx_HAL_Driver/Src/stm32f4xx_hal_tim.c.obj
 *fill*         0x000000000800567a        0x2 
 .text.HAL_TIM_Base_Start
                0x000000000800567c       0x7c CMakeFiles/omni-infantry.elf.dir/Drivers/STM32F4xx_HAL_Driver/Src/stm32f4xx_hal_tim.c.obj
                0x000000000800567c                HAL_TIM_Base_Start
 .text.TIM_Base_SetConfig
                0x00000000080056f8       0xc8 CMakeFiles/omni-infantry.elf.dir/Drivers/STM32F4xx_HAL_Driver/Src/stm32f4xx_hal_tim.c.obj
                0x00000000080056f8                TIM_Base_SetConfig
 .text.HAL_TIM_Base_Init
                0x00000000080057c0       0x58 CMakeFiles/omni-infantry.elf.dir/Drivers/STM32F4xx_HAL_Driver/Src/stm32f4xx_hal_tim.c.obj
                0x00000000080057c0                HAL_TIM_Base_Init
 .text.HAL_TIM_PWM_Init
                0x0000000008005818       0x58 CMakeFiles/omni-infantry.elf.dir/Drivers/STM32F4xx_HAL_Driver/Src/stm32f4xx_hal_tim.c.obj
                0x0000000008005818                HAL_TIM_PWM_Init
 .text.TIM_OC2_SetConfig
                0x0000000008005870       0x70 CMakeFiles/omni-infantry.elf.dir/Drivers/STM32F4xx_HAL_Driver/Src/stm32f4xx_hal_tim.c.obj
                0x0000000008005870                TIM_OC2_SetConfig
 .text.HAL_TIM_PWM_ConfigChannel
                0x00000000080058e0       0xdc CMakeFiles/omni-infantry.elf.dir/Drivers/STM32F4xx_HAL_Driver/Src/stm32f4xx_hal_tim.c.obj
                0x00000000080058e0                HAL_TIM_PWM_ConfigChannel
 .text.TIM_ETR_SetConfig
                0x00000000080059bc       0x1a CMakeFiles/omni-infantry.elf.dir/Drivers/STM32F4xx_HAL_Driver/Src/stm32f4xx_hal_tim.c.obj
                0x00000000080059bc                TIM_ETR_SetConfig
 .text.HAL_TIM_ConfigClockSource
                0x00000000080059d6       0xfe CMakeFiles/omni-infantry.elf.dir/Drivers/STM32F4xx_HAL_Driver/Src/stm32f4xx_hal_tim.c.obj
                0x00000000080059d6                HAL_TIM_ConfigClockSource
 .text.TIM_CCxChannelCmd
                0x0000000008005ad4       0x1e CMakeFiles/omni-infantry.elf.dir/Drivers/STM32F4xx_HAL_Driver/Src/stm32f4xx_hal_tim.c.obj
                0x0000000008005ad4                TIM_CCxChannelCmd
 *fill*         0x0000000008005af2        0x2 
 .text.HAL_TIM_PWM_Start
                0x0000000008005af4      0x104 CMakeFiles/omni-infantry.elf.dir/Drivers/STM32F4xx_HAL_Driver/Src/stm32f4xx_hal_tim.c.obj
                0x0000000008005af4                HAL_TIM_PWM_Start
 .text.HAL_TIMEx_MasterConfigSynchronization
                0x0000000008005bf8       0x8c CMakeFiles/omni-infantry.elf.dir/Drivers/STM32F4xx_HAL_Driver/Src/stm32f4xx_hal_tim_ex.c.obj
                0x0000000008005bf8                HAL_TIMEx_MasterConfigSynchronization
 .text.HAL_TIMEx_ConfigBreakDeadTime
                0x0000000008005c84       0x52 CMakeFiles/omni-infantry.elf.dir/Drivers/STM32F4xx_HAL_Driver/Src/stm32f4xx_hal_tim_ex.c.obj
                0x0000000008005c84                HAL_TIMEx_ConfigBreakDeadTime
 *fill*         0x0000000008005cd6        0x2 
 .text.UART_SetConfig
                0x0000000008005cd8      0x110 CMakeFiles/omni-infantry.elf.dir/Drivers/STM32F4xx_HAL_Driver/Src/stm32f4xx_hal_uart.c.obj
 .text.HAL_UART_Init
                0x0000000008005de8       0x5e CMakeFiles/omni-infantry.elf.dir/Drivers/STM32F4xx_HAL_Driver/Src/stm32f4xx_hal_uart.c.obj
                0x0000000008005de8                HAL_UART_Init
 *fill*         0x0000000008005e46        0x2 
 .text.USB_CoreReset
                0x0000000008005e48       0x50 CMakeFiles/omni-infantry.elf.dir/Drivers/STM32F4xx_HAL_Driver/Src/stm32f4xx_ll_usb.c.obj
 .text.USB_CoreInit
                0x0000000008005e98       0x8a CMakeFiles/omni-infantry.elf.dir/Drivers/STM32F4xx_HAL_Driver/Src/stm32f4xx_ll_usb.c.obj
                0x0000000008005e98                USB_CoreInit
 *fill*         0x0000000008005f22        0x2 
 .text.USB_SetTurnaroundTime
                0x0000000008005f24       0xe4 CMakeFiles/omni-infantry.elf.dir/Drivers/STM32F4xx_HAL_Driver/Src/stm32f4xx_ll_usb.c.obj
                0x0000000008005f24                USB_SetTurnaroundTime
 .text.USB_EnableGlobalInt
                0x0000000008006008        0xc CMakeFiles/omni-infantry.elf.dir/Drivers/STM32F4xx_HAL_Driver/Src/stm32f4xx_ll_usb.c.obj
                0x0000000008006008                USB_EnableGlobalInt
 .text.USB_DisableGlobalInt
                0x0000000008006014        0xc CMakeFiles/omni-infantry.elf.dir/Drivers/STM32F4xx_HAL_Driver/Src/stm32f4xx_ll_usb.c.obj
                0x0000000008006014                USB_DisableGlobalInt
 .text.USB_FlushTxFifo
                0x0000000008006020       0x50 CMakeFiles/omni-infantry.elf.dir/Drivers/STM32F4xx_HAL_Driver/Src/stm32f4xx_ll_usb.c.obj
                0x0000000008006020                USB_FlushTxFifo
 .text.USB_FlushRxFifo
                0x0000000008006070       0x4c CMakeFiles/omni-infantry.elf.dir/Drivers/STM32F4xx_HAL_Driver/Src/stm32f4xx_ll_usb.c.obj
                0x0000000008006070                USB_FlushRxFifo
 .text.USB_SetDevSpeed
                0x00000000080060bc        0xe CMakeFiles/omni-infantry.elf.dir/Drivers/STM32F4xx_HAL_Driver/Src/stm32f4xx_ll_usb.c.obj
                0x00000000080060bc                USB_SetDevSpeed
 *fill*         0x00000000080060ca        0x2 
 .text.USB_DevInit
                0x00000000080060cc      0x190 CMakeFiles/omni-infantry.elf.dir/Drivers/STM32F4xx_HAL_Driver/Src/stm32f4xx_ll_usb.c.obj
                0x00000000080060cc                USB_DevInit
 .text.USB_GetDevSpeed
                0x000000000800625c       0x22 CMakeFiles/omni-infantry.elf.dir/Drivers/STM32F4xx_HAL_Driver/Src/stm32f4xx_ll_usb.c.obj
                0x000000000800625c                USB_GetDevSpeed
 .text.USB_ActivateEndpoint
                0x000000000800627e       0x9c CMakeFiles/omni-infantry.elf.dir/Drivers/STM32F4xx_HAL_Driver/Src/stm32f4xx_ll_usb.c.obj
                0x000000000800627e                USB_ActivateEndpoint
 *fill*         0x000000000800631a        0x2 
 .text.USB_DeactivateEndpoint
                0x000000000800631c       0xe0 CMakeFiles/omni-infantry.elf.dir/Drivers/STM32F4xx_HAL_Driver/Src/stm32f4xx_ll_usb.c.obj
                0x000000000800631c                USB_DeactivateEndpoint
 .text.USB_EP0StartXfer
                0x00000000080063fc      0x124 CMakeFiles/omni-infantry.elf.dir/Drivers/STM32F4xx_HAL_Driver/Src/stm32f4xx_ll_usb.c.obj
                0x00000000080063fc                USB_EP0StartXfer
 .text.USB_EPStopXfer
                0x0000000008006520       0xbe CMakeFiles/omni-infantry.elf.dir/Drivers/STM32F4xx_HAL_Driver/Src/stm32f4xx_ll_usb.c.obj
                0x0000000008006520                USB_EPStopXfer
 .text.USB_WritePacket
                0x00000000080065de       0x2e CMakeFiles/omni-infantry.elf.dir/Drivers/STM32F4xx_HAL_Driver/Src/stm32f4xx_ll_usb.c.obj
                0x00000000080065de                USB_WritePacket
 .text.USB_EPStartXfer
                0x000000000800660c      0x234 CMakeFiles/omni-infantry.elf.dir/Drivers/STM32F4xx_HAL_Driver/Src/stm32f4xx_ll_usb.c.obj
                0x000000000800660c                USB_EPStartXfer
 .text.USB_ReadPacket
                0x0000000008006840       0x54 CMakeFiles/omni-infantry.elf.dir/Drivers/STM32F4xx_HAL_Driver/Src/stm32f4xx_ll_usb.c.obj
                0x0000000008006840                USB_ReadPacket
 .text.USB_EPSetStall
                0x0000000008006894       0x5a CMakeFiles/omni-infantry.elf.dir/Drivers/STM32F4xx_HAL_Driver/Src/stm32f4xx_ll_usb.c.obj
                0x0000000008006894                USB_EPSetStall
 .text.USB_EPClearStall
                0x00000000080068ee       0x5c CMakeFiles/omni-infantry.elf.dir/Drivers/STM32F4xx_HAL_Driver/Src/stm32f4xx_ll_usb.c.obj
                0x00000000080068ee                USB_EPClearStall
 .text.USB_SetDevAddress
                0x000000000800694a       0x20 CMakeFiles/omni-infantry.elf.dir/Drivers/STM32F4xx_HAL_Driver/Src/stm32f4xx_ll_usb.c.obj
                0x000000000800694a                USB_SetDevAddress
 .text.USB_DevConnect
                0x000000000800696a       0x1c CMakeFiles/omni-infantry.elf.dir/Drivers/STM32F4xx_HAL_Driver/Src/stm32f4xx_ll_usb.c.obj
                0x000000000800696a                USB_DevConnect
 .text.USB_DevDisconnect
                0x0000000008006986       0x1c CMakeFiles/omni-infantry.elf.dir/Drivers/STM32F4xx_HAL_Driver/Src/stm32f4xx_ll_usb.c.obj
                0x0000000008006986                USB_DevDisconnect
 .text.USB_ReadInterrupts
                0x00000000080069a2        0x8 CMakeFiles/omni-infantry.elf.dir/Drivers/STM32F4xx_HAL_Driver/Src/stm32f4xx_ll_usb.c.obj
                0x00000000080069a2                USB_ReadInterrupts
 .text.USB_ReadDevAllOutEpInterrupt
                0x00000000080069aa       0x10 CMakeFiles/omni-infantry.elf.dir/Drivers/STM32F4xx_HAL_Driver/Src/stm32f4xx_ll_usb.c.obj
                0x00000000080069aa                USB_ReadDevAllOutEpInterrupt
 .text.USB_ReadDevAllInEpInterrupt
                0x00000000080069ba       0x10 CMakeFiles/omni-infantry.elf.dir/Drivers/STM32F4xx_HAL_Driver/Src/stm32f4xx_ll_usb.c.obj
                0x00000000080069ba                USB_ReadDevAllInEpInterrupt
 .text.USB_ReadDevOutEPInterrupt
                0x00000000080069ca       0x12 CMakeFiles/omni-infantry.elf.dir/Drivers/STM32F4xx_HAL_Driver/Src/stm32f4xx_ll_usb.c.obj
                0x00000000080069ca                USB_ReadDevOutEPInterrupt
 .text.USB_ReadDevInEPInterrupt
                0x00000000080069dc       0x28 CMakeFiles/omni-infantry.elf.dir/Drivers/STM32F4xx_HAL_Driver/Src/stm32f4xx_ll_usb.c.obj
                0x00000000080069dc                USB_ReadDevInEPInterrupt
 .text.USB_GetMode
                0x0000000008006a04        0x8 CMakeFiles/omni-infantry.elf.dir/Drivers/STM32F4xx_HAL_Driver/Src/stm32f4xx_ll_usb.c.obj
                0x0000000008006a04                USB_GetMode
 .text.USB_SetCurrentMode
                0x0000000008006a0c       0x62 CMakeFiles/omni-infantry.elf.dir/Drivers/STM32F4xx_HAL_Driver/Src/stm32f4xx_ll_usb.c.obj
                0x0000000008006a0c                USB_SetCurrentMode
 .text.USB_ActivateSetup
                0x0000000008006a6e       0x20 CMakeFiles/omni-infantry.elf.dir/Drivers/STM32F4xx_HAL_Driver/Src/stm32f4xx_ll_usb.c.obj
                0x0000000008006a6e                USB_ActivateSetup
 *fill*         0x0000000008006a8e        0x2 
 .text.USB_EP0_OutStart
                0x0000000008006a90       0x60 CMakeFiles/omni-infantry.elf.dir/Drivers/STM32F4xx_HAL_Driver/Src/stm32f4xx_ll_usb.c.obj
                0x0000000008006a90                USB_EP0_OutStart
 .text.USBD_CDC_EP0_RxReady
                0x0000000008006af0       0x40 CMakeFiles/omni-infantry.elf.dir/Middlewares/ST/STM32_USB_Device_Library/Class/CDC/Src/usbd_cdc.c.obj
 .text.USBD_CDC_GetDeviceQualifierDescriptor
                0x0000000008006b30        0xc CMakeFiles/omni-infantry.elf.dir/Middlewares/ST/STM32_USB_Device_Library/Class/CDC/Src/usbd_cdc.c.obj
                0x0000000008006b30                USBD_CDC_GetDeviceQualifierDescriptor
 .text.USBD_CDC_GetOtherSpeedCfgDesc
                0x0000000008006b3c       0x48 CMakeFiles/omni-infantry.elf.dir/Middlewares/ST/STM32_USB_Device_Library/Class/CDC/Src/usbd_cdc.c.obj
 .text.USBD_CDC_GetFSCfgDesc
                0x0000000008006b84       0x48 CMakeFiles/omni-infantry.elf.dir/Middlewares/ST/STM32_USB_Device_Library/Class/CDC/Src/usbd_cdc.c.obj
 .text.USBD_CDC_GetHSCfgDesc
                0x0000000008006bcc       0x48 CMakeFiles/omni-infantry.elf.dir/Middlewares/ST/STM32_USB_Device_Library/Class/CDC/Src/usbd_cdc.c.obj
 .text.USBD_CDC_DataOut
                0x0000000008006c14       0x38 CMakeFiles/omni-infantry.elf.dir/Middlewares/ST/STM32_USB_Device_Library/Class/CDC/Src/usbd_cdc.c.obj
 .text.USBD_CDC_DataIn
                0x0000000008006c4c       0x7c CMakeFiles/omni-infantry.elf.dir/Middlewares/ST/STM32_USB_Device_Library/Class/CDC/Src/usbd_cdc.c.obj
 .text.USBD_CDC_Setup
                0x0000000008006cc8      0x11a CMakeFiles/omni-infantry.elf.dir/Middlewares/ST/STM32_USB_Device_Library/Class/CDC/Src/usbd_cdc.c.obj
 .text.USBD_CDC_DeInit
                0x0000000008006de2       0x64 CMakeFiles/omni-infantry.elf.dir/Middlewares/ST/STM32_USB_Device_Library/Class/CDC/Src/usbd_cdc.c.obj
 .text.USBD_CDC_Init
                0x0000000008006e46       0xee CMakeFiles/omni-infantry.elf.dir/Middlewares/ST/STM32_USB_Device_Library/Class/CDC/Src/usbd_cdc.c.obj
 .text.USBD_CDC_RegisterInterface
                0x0000000008006f34       0x16 CMakeFiles/omni-infantry.elf.dir/Middlewares/ST/STM32_USB_Device_Library/Class/CDC/Src/usbd_cdc.c.obj
                0x0000000008006f34                USBD_CDC_RegisterInterface
 .text.USBD_CDC_SetTxBuffer
                0x0000000008006f4a       0x1c CMakeFiles/omni-infantry.elf.dir/Middlewares/ST/STM32_USB_Device_Library/Class/CDC/Src/usbd_cdc.c.obj
                0x0000000008006f4a                USBD_CDC_SetTxBuffer
 .text.USBD_CDC_SetRxBuffer
                0x0000000008006f66       0x18 CMakeFiles/omni-infantry.elf.dir/Middlewares/ST/STM32_USB_Device_Library/Class/CDC/Src/usbd_cdc.c.obj
                0x0000000008006f66                USBD_CDC_SetRxBuffer
 .text.USBD_CDC_TransmitPacket
                0x0000000008006f7e       0x3a CMakeFiles/omni-infantry.elf.dir/Middlewares/ST/STM32_USB_Device_Library/Class/CDC/Src/usbd_cdc.c.obj
                0x0000000008006f7e                USBD_CDC_TransmitPacket
 .text.USBD_CDC_ReceivePacket
                0x0000000008006fb8       0x38 CMakeFiles/omni-infantry.elf.dir/Middlewares/ST/STM32_USB_Device_Library/Class/CDC/Src/usbd_cdc.c.obj
                0x0000000008006fb8                USBD_CDC_ReceivePacket
 .text.USBD_Init
                0x0000000008006ff0       0x2e CMakeFiles/omni-infantry.elf.dir/Middlewares/ST/STM32_USB_Device_Library/Core/Src/usbd_core.c.obj
                0x0000000008006ff0                USBD_Init
 .text.USBD_RegisterClass
                0x000000000800701e       0x34 CMakeFiles/omni-infantry.elf.dir/Middlewares/ST/STM32_USB_Device_Library/Core/Src/usbd_core.c.obj
                0x000000000800701e                USBD_RegisterClass
 .text.USBD_Start
                0x0000000008007052        0x8 CMakeFiles/omni-infantry.elf.dir/Middlewares/ST/STM32_USB_Device_Library/Core/Src/usbd_core.c.obj
                0x0000000008007052                USBD_Start
 .text.USBD_SetClassConfig
                0x000000000800705a       0x12 CMakeFiles/omni-infantry.elf.dir/Middlewares/ST/STM32_USB_Device_Library/Core/Src/usbd_core.c.obj
                0x000000000800705a                USBD_SetClassConfig
 .text.USBD_ClrClassConfig
                0x000000000800706c       0x12 CMakeFiles/omni-infantry.elf.dir/Middlewares/ST/STM32_USB_Device_Library/Core/Src/usbd_core.c.obj
                0x000000000800706c                USBD_ClrClassConfig
 .text.USBD_LL_SetupStage
                0x000000000800707e       0x58 CMakeFiles/omni-infantry.elf.dir/Middlewares/ST/STM32_USB_Device_Library/Core/Src/usbd_core.c.obj
                0x000000000800707e                USBD_LL_SetupStage
 .text.USBD_LL_Reset
                0x00000000080070d6       0x64 CMakeFiles/omni-infantry.elf.dir/Middlewares/ST/STM32_USB_Device_Library/Core/Src/usbd_core.c.obj
                0x00000000080070d6                USBD_LL_Reset
 .text.USBD_LL_SetSpeed
                0x000000000800713a        0x6 CMakeFiles/omni-infantry.elf.dir/Middlewares/ST/STM32_USB_Device_Library/Core/Src/usbd_core.c.obj
                0x000000000800713a                USBD_LL_SetSpeed
 .text.USBD_LL_Suspend
                0x0000000008007140       0x14 CMakeFiles/omni-infantry.elf.dir/Middlewares/ST/STM32_USB_Device_Library/Core/Src/usbd_core.c.obj
                0x0000000008007140                USBD_LL_Suspend
 .text.USBD_LL_Resume
                0x0000000008007154       0x1a CMakeFiles/omni-infantry.elf.dir/Middlewares/ST/STM32_USB_Device_Library/Core/Src/usbd_core.c.obj
                0x0000000008007154                USBD_LL_Resume
 .text.USBD_LL_SOF
                0x000000000800716e       0x22 CMakeFiles/omni-infantry.elf.dir/Middlewares/ST/STM32_USB_Device_Library/Core/Src/usbd_core.c.obj
                0x000000000800716e                USBD_LL_SOF
 .text.USBD_LL_IsoINIncomplete
                0x0000000008007190       0x2e CMakeFiles/omni-infantry.elf.dir/Middlewares/ST/STM32_USB_Device_Library/Core/Src/usbd_core.c.obj
                0x0000000008007190                USBD_LL_IsoINIncomplete
 .text.USBD_LL_IsoOUTIncomplete
                0x00000000080071be       0x2e CMakeFiles/omni-infantry.elf.dir/Middlewares/ST/STM32_USB_Device_Library/Core/Src/usbd_core.c.obj
                0x00000000080071be                USBD_LL_IsoOUTIncomplete
 .text.USBD_LL_DevConnected
                0x00000000080071ec        0x4 CMakeFiles/omni-infantry.elf.dir/Middlewares/ST/STM32_USB_Device_Library/Core/Src/usbd_core.c.obj
                0x00000000080071ec                USBD_LL_DevConnected
 .text.USBD_LL_DevDisconnected
                0x00000000080071f0       0x20 CMakeFiles/omni-infantry.elf.dir/Middlewares/ST/STM32_USB_Device_Library/Core/Src/usbd_core.c.obj
                0x00000000080071f0                USBD_LL_DevDisconnected
 .text.USBD_CoreFindIF
                0x0000000008007210        0x4 CMakeFiles/omni-infantry.elf.dir/Middlewares/ST/STM32_USB_Device_Library/Core/Src/usbd_core.c.obj
                0x0000000008007210                USBD_CoreFindIF
 .text.USBD_CoreFindEP
                0x0000000008007214        0x4 CMakeFiles/omni-infantry.elf.dir/Middlewares/ST/STM32_USB_Device_Library/Core/Src/usbd_core.c.obj
                0x0000000008007214                USBD_CoreFindEP
 .text.USBD_LL_DataOutStage
                0x0000000008007218       0xc6 CMakeFiles/omni-infantry.elf.dir/Middlewares/ST/STM32_USB_Device_Library/Core/Src/usbd_core.c.obj
                0x0000000008007218                USBD_LL_DataOutStage
 .text.USBD_LL_DataInStage
                0x00000000080072de       0xd6 CMakeFiles/omni-infantry.elf.dir/Middlewares/ST/STM32_USB_Device_Library/Core/Src/usbd_core.c.obj
                0x00000000080072de                USBD_LL_DataInStage
 .text.USBD_GetNextDesc
                0x00000000080073b4        0xe CMakeFiles/omni-infantry.elf.dir/Middlewares/ST/STM32_USB_Device_Library/Core/Src/usbd_core.c.obj
                0x00000000080073b4                USBD_GetNextDesc
 .text.USBD_GetEpDesc
                0x00000000080073c2       0x3e CMakeFiles/omni-infantry.elf.dir/Middlewares/ST/STM32_USB_Device_Library/Core/Src/usbd_core.c.obj
                0x00000000080073c2                USBD_GetEpDesc
 .text.USBD_GetLen
                0x0000000008007400       0x14 CMakeFiles/omni-infantry.elf.dir/Middlewares/ST/STM32_USB_Device_Library/Core/Src/usbd_ctlreq.c.obj
 .text.USBD_ParseSetupRequest
                0x0000000008007414       0x28 CMakeFiles/omni-infantry.elf.dir/Middlewares/ST/STM32_USB_Device_Library/Core/Src/usbd_ctlreq.c.obj
                0x0000000008007414                USBD_ParseSetupRequest
 .text.USBD_CtlError
                0x000000000800743c       0x14 CMakeFiles/omni-infantry.elf.dir/Middlewares/ST/STM32_USB_Device_Library/Core/Src/usbd_ctlreq.c.obj
                0x000000000800743c                USBD_CtlError
 .text.USBD_GetDescriptor
                0x0000000008007450      0x18a CMakeFiles/omni-infantry.elf.dir/Middlewares/ST/STM32_USB_Device_Library/Core/Src/usbd_ctlreq.c.obj
 .text.USBD_SetAddress
                0x00000000080075da       0x50 CMakeFiles/omni-infantry.elf.dir/Middlewares/ST/STM32_USB_Device_Library/Core/Src/usbd_ctlreq.c.obj
 *fill*         0x000000000800762a        0x2 
 .text.USBD_SetConfig
                0x000000000800762c       0xcc CMakeFiles/omni-infantry.elf.dir/Middlewares/ST/STM32_USB_Device_Library/Core/Src/usbd_ctlreq.c.obj
 .text.USBD_GetConfig
                0x00000000080076f8       0x40 CMakeFiles/omni-infantry.elf.dir/Middlewares/ST/STM32_USB_Device_Library/Core/Src/usbd_ctlreq.c.obj
 .text.USBD_GetStatus
                0x0000000008007738       0x38 CMakeFiles/omni-infantry.elf.dir/Middlewares/ST/STM32_USB_Device_Library/Core/Src/usbd_ctlreq.c.obj
 .text.USBD_SetFeature
                0x0000000008007770       0x2a CMakeFiles/omni-infantry.elf.dir/Middlewares/ST/STM32_USB_Device_Library/Core/Src/usbd_ctlreq.c.obj
 .text.USBD_ClrFeature
                0x000000000800779a       0x26 CMakeFiles/omni-infantry.elf.dir/Middlewares/ST/STM32_USB_Device_Library/Core/Src/usbd_ctlreq.c.obj
 .text.USBD_StdDevReq
                0x00000000080077c0       0x76 CMakeFiles/omni-infantry.elf.dir/Middlewares/ST/STM32_USB_Device_Library/Core/Src/usbd_ctlreq.c.obj
                0x00000000080077c0                USBD_StdDevReq
 .text.USBD_StdItfReq
                0x0000000008007836       0x84 CMakeFiles/omni-infantry.elf.dir/Middlewares/ST/STM32_USB_Device_Library/Core/Src/usbd_ctlreq.c.obj
                0x0000000008007836                USBD_StdItfReq
 .text.USBD_StdEPReq
                0x00000000080078ba      0x230 CMakeFiles/omni-infantry.elf.dir/Middlewares/ST/STM32_USB_Device_Library/Core/Src/usbd_ctlreq.c.obj
                0x00000000080078ba                USBD_StdEPReq
 .text.USBD_GetString
                0x0000000008007aea       0x3a CMakeFiles/omni-infantry.elf.dir/Middlewares/ST/STM32_USB_Device_Library/Core/Src/usbd_ctlreq.c.obj
                0x0000000008007aea                USBD_GetString
 .text.USBD_CtlSendData
                0x0000000008007b24       0x1a CMakeFiles/omni-infantry.elf.dir/Middlewares/ST/STM32_USB_Device_Library/Core/Src/usbd_ioreq.c.obj
                0x0000000008007b24                USBD_CtlSendData
 .text.USBD_CtlContinueSendData
                0x0000000008007b3e       0x10 CMakeFiles/omni-infantry.elf.dir/Middlewares/ST/STM32_USB_Device_Library/Core/Src/usbd_ioreq.c.obj
                0x0000000008007b3e                USBD_CtlContinueSendData
 .text.USBD_CtlPrepareRx
                0x0000000008007b4e       0x1e CMakeFiles/omni-infantry.elf.dir/Middlewares/ST/STM32_USB_Device_Library/Core/Src/usbd_ioreq.c.obj
                0x0000000008007b4e                USBD_CtlPrepareRx
 .text.USBD_CtlContinueRx
                0x0000000008007b6c       0x10 CMakeFiles/omni-infantry.elf.dir/Middlewares/ST/STM32_USB_Device_Library/Core/Src/usbd_ioreq.c.obj
                0x0000000008007b6c                USBD_CtlContinueRx
 .text.USBD_CtlSendStatus
                0x0000000008007b7c       0x16 CMakeFiles/omni-infantry.elf.dir/Middlewares/ST/STM32_USB_Device_Library/Core/Src/usbd_ioreq.c.obj
                0x0000000008007b7c                USBD_CtlSendStatus
 .text.USBD_CtlReceiveStatus
                0x0000000008007b92       0x16 CMakeFiles/omni-infantry.elf.dir/Middlewares/ST/STM32_USB_Device_Library/Core/Src/usbd_ioreq.c.obj
                0x0000000008007b92                USBD_CtlReceiveStatus
 .text.makeFreeRtosPriority
                0x0000000008007ba8        0xc CMakeFiles/omni-infantry.elf.dir/Middlewares/Third_Party/FreeRTOS/Source/CMSIS_RTOS/cmsis_os.c.obj
 .text.osKernelStart
                0x0000000008007bb4        0xa CMakeFiles/omni-infantry.elf.dir/Middlewares/Third_Party/FreeRTOS/Source/CMSIS_RTOS/cmsis_os.c.obj
                0x0000000008007bb4                osKernelStart
 .text.osThreadCreate
                0x0000000008007bbe       0x6a CMakeFiles/omni-infantry.elf.dir/Middlewares/Third_Party/FreeRTOS/Source/CMSIS_RTOS/cmsis_os.c.obj
                0x0000000008007bbe                osThreadCreate
 .text.osDelay  0x0000000008007c28        0xe CMakeFiles/omni-infantry.elf.dir/Middlewares/Third_Party/FreeRTOS/Source/CMSIS_RTOS/cmsis_os.c.obj
                0x0000000008007c28                osDelay
 .text.vListInitialise
                0x0000000008007c36       0x16 CMakeFiles/omni-infantry.elf.dir/Middlewares/Third_Party/FreeRTOS/Source/list.c.obj
                0x0000000008007c36                vListInitialise
 .text.vListInitialiseItem
                0x0000000008007c4c        0x6 CMakeFiles/omni-infantry.elf.dir/Middlewares/Third_Party/FreeRTOS/Source/list.c.obj
                0x0000000008007c4c                vListInitialiseItem
 .text.vListInsertEnd
                0x0000000008007c52       0x16 CMakeFiles/omni-infantry.elf.dir/Middlewares/Third_Party/FreeRTOS/Source/list.c.obj
                0x0000000008007c52                vListInsertEnd
 .text.vListInsert
                0x0000000008007c68       0x32 CMakeFiles/omni-infantry.elf.dir/Middlewares/Third_Party/FreeRTOS/Source/list.c.obj
                0x0000000008007c68                vListInsert
 .text.uxListRemove
                0x0000000008007c9a       0x26 CMakeFiles/omni-infantry.elf.dir/Middlewares/Third_Party/FreeRTOS/Source/list.c.obj
                0x0000000008007c9a                uxListRemove
 .text.prvTaskExitError
                0x0000000008007cc0       0x40 CMakeFiles/omni-infantry.elf.dir/Middlewares/Third_Party/FreeRTOS/Source/portable/GCC/ARM_CM4F/port.c.obj
 .text.prvPortStartFirstTask
                0x0000000008007d00       0x28 CMakeFiles/omni-infantry.elf.dir/Middlewares/Third_Party/FreeRTOS/Source/portable/GCC/ARM_CM4F/port.c.obj
 .text.vPortEnableVFP
                0x0000000008007d28       0x14 CMakeFiles/omni-infantry.elf.dir/Middlewares/Third_Party/FreeRTOS/Source/portable/GCC/ARM_CM4F/port.c.obj
 .text.pxPortInitialiseStack
                0x0000000008007d3c       0x2c CMakeFiles/omni-infantry.elf.dir/Middlewares/Third_Party/FreeRTOS/Source/portable/GCC/ARM_CM4F/port.c.obj
                0x0000000008007d3c                pxPortInitialiseStack
 *fill*         0x0000000008007d68        0x8 
 .text.SVC_Handler
                0x0000000008007d70       0x24 CMakeFiles/omni-infantry.elf.dir/Middlewares/Third_Party/FreeRTOS/Source/portable/GCC/ARM_CM4F/port.c.obj
                0x0000000008007d70                SVC_Handler
 .text.vPortEnterCritical
                0x0000000008007d94       0x44 CMakeFiles/omni-infantry.elf.dir/Middlewares/Third_Party/FreeRTOS/Source/portable/GCC/ARM_CM4F/port.c.obj
                0x0000000008007d94                vPortEnterCritical
 .text.vPortExitCritical
                0x0000000008007dd8       0x2c CMakeFiles/omni-infantry.elf.dir/Middlewares/Third_Party/FreeRTOS/Source/portable/GCC/ARM_CM4F/port.c.obj
                0x0000000008007dd8                vPortExitCritical
 *fill*         0x0000000008007e04        0xc 
 .text.PendSV_Handler
                0x0000000008007e10       0x64 CMakeFiles/omni-infantry.elf.dir/Middlewares/Third_Party/FreeRTOS/Source/portable/GCC/ARM_CM4F/port.c.obj
                0x0000000008007e10                PendSV_Handler
 .text.xPortSysTickHandler
                0x0000000008007e74       0x2c CMakeFiles/omni-infantry.elf.dir/Middlewares/Third_Party/FreeRTOS/Source/portable/GCC/ARM_CM4F/port.c.obj
                0x0000000008007e74                xPortSysTickHandler
 .text.vPortSetupTimerInterrupt
                0x0000000008007ea0       0x28 CMakeFiles/omni-infantry.elf.dir/Middlewares/Third_Party/FreeRTOS/Source/portable/GCC/ARM_CM4F/port.c.obj
                0x0000000008007ea0                vPortSetupTimerInterrupt
 .text.xPortStartScheduler
                0x0000000008007ec8      0x118 CMakeFiles/omni-infantry.elf.dir/Middlewares/Third_Party/FreeRTOS/Source/portable/GCC/ARM_CM4F/port.c.obj
                0x0000000008007ec8                xPortStartScheduler
 .text.vPortValidateInterruptPriority
                0x0000000008007fe0       0x5c CMakeFiles/omni-infantry.elf.dir/Middlewares/Third_Party/FreeRTOS/Source/portable/GCC/ARM_CM4F/port.c.obj
                0x0000000008007fe0                vPortValidateInterruptPriority
 .text.prvHeapInit
                0x000000000800803c       0x64 CMakeFiles/omni-infantry.elf.dir/Middlewares/Third_Party/FreeRTOS/Source/portable/MemMang/heap_4.c.obj
 .text.prvInsertBlockIntoFreeList
                0x00000000080080a0       0x64 CMakeFiles/omni-infantry.elf.dir/Middlewares/Third_Party/FreeRTOS/Source/portable/MemMang/heap_4.c.obj
 .text.pvPortMalloc
                0x0000000008008104       0xfc CMakeFiles/omni-infantry.elf.dir/Middlewares/Third_Party/FreeRTOS/Source/portable/MemMang/heap_4.c.obj
                0x0000000008008104                pvPortMalloc
 .text.vPortFree
                0x0000000008008200       0x7c CMakeFiles/omni-infantry.elf.dir/Middlewares/Third_Party/FreeRTOS/Source/portable/MemMang/heap_4.c.obj
                0x0000000008008200                vPortFree
 .text.prvIsQueueFull
                0x000000000800827c       0x1e CMakeFiles/omni-infantry.elf.dir/Middlewares/Third_Party/FreeRTOS/Source/queue.c.obj
 .text.prvIsQueueEmpty
                0x000000000800829a       0x1a CMakeFiles/omni-infantry.elf.dir/Middlewares/Third_Party/FreeRTOS/Source/queue.c.obj
 .text.prvCopyDataToQueue
                0x00000000080082b4       0x76 CMakeFiles/omni-infantry.elf.dir/Middlewares/Third_Party/FreeRTOS/Source/queue.c.obj
 .text.prvCopyDataFromQueue
                0x000000000800832a       0x24 CMakeFiles/omni-infantry.elf.dir/Middlewares/Third_Party/FreeRTOS/Source/queue.c.obj
 .text.prvUnlockQueue
                0x000000000800834e       0x6e CMakeFiles/omni-infantry.elf.dir/Middlewares/Third_Party/FreeRTOS/Source/queue.c.obj
 .text.xQueueGenericReset
                0x00000000080083bc       0x84 CMakeFiles/omni-infantry.elf.dir/Middlewares/Third_Party/FreeRTOS/Source/queue.c.obj
                0x00000000080083bc                xQueueGenericReset
 .text.prvInitialiseNewQueue
                0x0000000008008440       0x1c CMakeFiles/omni-infantry.elf.dir/Middlewares/Third_Party/FreeRTOS/Source/queue.c.obj
 .text.xQueueGenericCreate
                0x000000000800845c       0x48 CMakeFiles/omni-infantry.elf.dir/Middlewares/Third_Party/FreeRTOS/Source/queue.c.obj
                0x000000000800845c                xQueueGenericCreate
 .text.xQueueGenericSend
                0x00000000080084a4      0x188 CMakeFiles/omni-infantry.elf.dir/Middlewares/Third_Party/FreeRTOS/Source/queue.c.obj
                0x00000000080084a4                xQueueGenericSend
 .text.xQueueReceive
                0x000000000800862c      0x15e CMakeFiles/omni-infantry.elf.dir/Middlewares/Third_Party/FreeRTOS/Source/queue.c.obj
                0x000000000800862c                xQueueReceive
 *fill*         0x000000000800878a        0x2 
 .text.prvTaskIsTaskSuspended
                0x000000000800878c       0x40 CMakeFiles/omni-infantry.elf.dir/Middlewares/Third_Party/FreeRTOS/Source/tasks.c.obj
 .text.prvSearchForNameWithinSingleList
                0x00000000080087cc       0x64 CMakeFiles/omni-infantry.elf.dir/Middlewares/Third_Party/FreeRTOS/Source/tasks.c.obj
 .text.prvResetNextTaskUnblockTime
                0x0000000008008830       0x2c CMakeFiles/omni-infantry.elf.dir/Middlewares/Third_Party/FreeRTOS/Source/tasks.c.obj
 .text.prvInitialiseNewTask
                0x000000000800885c       0xa6 CMakeFiles/omni-infantry.elf.dir/Middlewares/Third_Party/FreeRTOS/Source/tasks.c.obj
 *fill*         0x0000000008008902        0x2 
 .text.prvInitialiseTaskLists
                0x0000000008008904       0x68 CMakeFiles/omni-infantry.elf.dir/Middlewares/Third_Party/FreeRTOS/Source/tasks.c.obj
 .text.prvAddNewTaskToReadyList
                0x000000000800896c       0xa8 CMakeFiles/omni-infantry.elf.dir/Middlewares/Third_Party/FreeRTOS/Source/tasks.c.obj
 .text.prvDeleteTCB
                0x0000000008008a14       0x38 CMakeFiles/omni-infantry.elf.dir/Middlewares/Third_Party/FreeRTOS/Source/tasks.c.obj
 .text.prvCheckTasksWaitingTermination
                0x0000000008008a4c       0x4c CMakeFiles/omni-infantry.elf.dir/Middlewares/Third_Party/FreeRTOS/Source/tasks.c.obj
 .text.prvIdleTask
                0x0000000008008a98       0x28 CMakeFiles/omni-infantry.elf.dir/Middlewares/Third_Party/FreeRTOS/Source/tasks.c.obj
 .text.prvAddCurrentTaskToDelayedList
                0x0000000008008ac0       0xa0 CMakeFiles/omni-infantry.elf.dir/Middlewares/Third_Party/FreeRTOS/Source/tasks.c.obj
 .text.xTaskCreateStatic
                0x0000000008008b60       0x76 CMakeFiles/omni-infantry.elf.dir/Middlewares/Third_Party/FreeRTOS/Source/tasks.c.obj
                0x0000000008008b60                xTaskCreateStatic
 .text.xTaskCreate
                0x0000000008008bd6       0x68 CMakeFiles/omni-infantry.elf.dir/Middlewares/Third_Party/FreeRTOS/Source/tasks.c.obj
                0x0000000008008bd6                xTaskCreate
 *fill*         0x0000000008008c3e        0x2 
 .text.vTaskResume
                0x0000000008008c40       0x88 CMakeFiles/omni-infantry.elf.dir/Middlewares/Third_Party/FreeRTOS/Source/tasks.c.obj
                0x0000000008008c40                vTaskResume
 .text.vTaskStartScheduler
                0x0000000008008cc8       0x74 CMakeFiles/omni-infantry.elf.dir/Middlewares/Third_Party/FreeRTOS/Source/tasks.c.obj
                0x0000000008008cc8                vTaskStartScheduler
 .text.vTaskSuspendAll
                0x0000000008008d3c       0x10 CMakeFiles/omni-infantry.elf.dir/Middlewares/Third_Party/FreeRTOS/Source/tasks.c.obj
                0x0000000008008d3c                vTaskSuspendAll
 .text.xTaskGetTickCount
                0x0000000008008d4c        0xc CMakeFiles/omni-infantry.elf.dir/Middlewares/Third_Party/FreeRTOS/Source/tasks.c.obj
                0x0000000008008d4c                xTaskGetTickCount
 .text.pcTaskGetName
                0x0000000008008d58       0x28 CMakeFiles/omni-infantry.elf.dir/Middlewares/Third_Party/FreeRTOS/Source/tasks.c.obj
                0x0000000008008d58                pcTaskGetName
 .text.xTaskIncrementTick
                0x0000000008008d80      0x118 CMakeFiles/omni-infantry.elf.dir/Middlewares/Third_Party/FreeRTOS/Source/tasks.c.obj
                0x0000000008008d80                xTaskIncrementTick
 .text.xTaskResumeAll
                0x0000000008008e98       0xf8 CMakeFiles/omni-infantry.elf.dir/Middlewares/Third_Party/FreeRTOS/Source/tasks.c.obj
                0x0000000008008e98                xTaskResumeAll
 .text.vTaskDelay
                0x0000000008008f90       0x4c CMakeFiles/omni-infantry.elf.dir/Middlewares/Third_Party/FreeRTOS/Source/tasks.c.obj
                0x0000000008008f90                vTaskDelay
 .text.xTaskGetHandle
                0x0000000008008fdc       0x98 CMakeFiles/omni-infantry.elf.dir/Middlewares/Third_Party/FreeRTOS/Source/tasks.c.obj
                0x0000000008008fdc                xTaskGetHandle
 .text.vTaskSwitchContext
                0x0000000008009074       0x98 CMakeFiles/omni-infantry.elf.dir/Middlewares/Third_Party/FreeRTOS/Source/tasks.c.obj
                0x0000000008009074                vTaskSwitchContext
 .text.vTaskPlaceOnEventList
                0x000000000800910c       0x30 CMakeFiles/omni-infantry.elf.dir/Middlewares/Third_Party/FreeRTOS/Source/tasks.c.obj
                0x000000000800910c                vTaskPlaceOnEventList
 .text.xTaskRemoveFromEventList
                0x000000000800913c       0x8c CMakeFiles/omni-infantry.elf.dir/Middlewares/Third_Party/FreeRTOS/Source/tasks.c.obj
                0x000000000800913c                xTaskRemoveFromEventList
 .text.vTaskInternalSetTimeOutState
                0x00000000080091c8       0x18 CMakeFiles/omni-infantry.elf.dir/Middlewares/Third_Party/FreeRTOS/Source/tasks.c.obj
                0x00000000080091c8                vTaskInternalSetTimeOutState
 .text.xTaskCheckForTimeOut
                0x00000000080091e0       0xa0 CMakeFiles/omni-infantry.elf.dir/Middlewares/Third_Party/FreeRTOS/Source/tasks.c.obj
                0x00000000080091e0                xTaskCheckForTimeOut
 .text.vTaskMissedYield
                0x0000000008009280        0xc CMakeFiles/omni-infantry.elf.dir/Middlewares/Third_Party/FreeRTOS/Source/tasks.c.obj
                0x0000000008009280                vTaskMissedYield
 .text.xTaskGetSchedulerState
                0x000000000800928c       0x20 CMakeFiles/omni-infantry.elf.dir/Middlewares/Third_Party/FreeRTOS/Source/tasks.c.obj
                0x000000000800928c                xTaskGetSchedulerState
 .text.xTaskPriorityDisinherit
                0x00000000080092ac       0xb4 CMakeFiles/omni-infantry.elf.dir/Middlewares/Third_Party/FreeRTOS/Source/tasks.c.obj
                0x00000000080092ac                xTaskPriorityDisinherit
 .text.ulTaskNotifyTake
                0x0000000008009360       0x78 CMakeFiles/omni-infantry.elf.dir/Middlewares/Third_Party/FreeRTOS/Source/tasks.c.obj
                0x0000000008009360                ulTaskNotifyTake
 .text.vTaskNotifyGiveFromISR
                0x00000000080093d8       0xd0 CMakeFiles/omni-infantry.elf.dir/Middlewares/Third_Party/FreeRTOS/Source/tasks.c.obj
                0x00000000080093d8                vTaskNotifyGiveFromISR
 .text.MX_USB_DEVICE_Init
                0x00000000080094a8       0x54 CMakeFiles/omni-infantry.elf.dir/USB_DEVICE/App/usb_device.c.obj
                0x00000000080094a8                MX_USB_DEVICE_Init
 .text.CDC_DeInit_FS
                0x00000000080094fc        0x4 CMakeFiles/omni-infantry.elf.dir/USB_DEVICE/App/usbd_cdc_if.c.obj
 .text.CDC_Control_FS
                0x0000000008009500        0x4 CMakeFiles/omni-infantry.elf.dir/USB_DEVICE/App/usbd_cdc_if.c.obj
 .text.CDC_TransmitCplt_FS
                0x0000000008009504        0x4 CMakeFiles/omni-infantry.elf.dir/USB_DEVICE/App/usbd_cdc_if.c.obj
 .text.CDC_Receive_FS
                0x0000000008009508       0x24 CMakeFiles/omni-infantry.elf.dir/USB_DEVICE/App/usbd_cdc_if.c.obj
 .text.CDC_Init_FS
                0x000000000800952c       0x28 CMakeFiles/omni-infantry.elf.dir/USB_DEVICE/App/usbd_cdc_if.c.obj
 .text.CDC_Transmit_FS
                0x0000000008009554       0x2c CMakeFiles/omni-infantry.elf.dir/USB_DEVICE/App/usbd_cdc_if.c.obj
                0x0000000008009554                CDC_Transmit_FS
 .text.USBD_FS_DeviceDescriptor
                0x0000000008009580        0xc CMakeFiles/omni-infantry.elf.dir/USB_DEVICE/App/usbd_desc.c.obj
                0x0000000008009580                USBD_FS_DeviceDescriptor
 .text.USBD_FS_LangIDStrDescriptor
                0x000000000800958c        0xc CMakeFiles/omni-infantry.elf.dir/USB_DEVICE/App/usbd_desc.c.obj
                0x000000000800958c                USBD_FS_LangIDStrDescriptor
 .text.IntToUnicode
                0x0000000008009598       0x46 CMakeFiles/omni-infantry.elf.dir/USB_DEVICE/App/usbd_desc.c.obj
 *fill*         0x00000000080095de        0x2 
 .text.Get_SerialNum
                0x00000000080095e0       0x38 CMakeFiles/omni-infantry.elf.dir/USB_DEVICE/App/usbd_desc.c.obj
 .text.USBD_FS_SerialStrDescriptor
                0x0000000008009618       0x14 CMakeFiles/omni-infantry.elf.dir/USB_DEVICE/App/usbd_desc.c.obj
                0x0000000008009618                USBD_FS_SerialStrDescriptor
 .text.USBD_FS_ProductStrDescriptor
                0x000000000800962c       0x24 CMakeFiles/omni-infantry.elf.dir/USB_DEVICE/App/usbd_desc.c.obj
                0x000000000800962c                USBD_FS_ProductStrDescriptor
 .text.USBD_FS_ManufacturerStrDescriptor
                0x0000000008009650       0x1c CMakeFiles/omni-infantry.elf.dir/USB_DEVICE/App/usbd_desc.c.obj
                0x0000000008009650                USBD_FS_ManufacturerStrDescriptor
 .text.USBD_FS_ConfigStrDescriptor
                0x000000000800966c       0x24 CMakeFiles/omni-infantry.elf.dir/USB_DEVICE/App/usbd_desc.c.obj
                0x000000000800966c                USBD_FS_ConfigStrDescriptor
 .text.USBD_FS_InterfaceStrDescriptor
                0x0000000008009690       0x24 CMakeFiles/omni-infantry.elf.dir/USB_DEVICE/App/usbd_desc.c.obj
                0x0000000008009690                USBD_FS_InterfaceStrDescriptor
 .text.HAL_PCD_MspInit
                0x00000000080096b4       0x84 CMakeFiles/omni-infantry.elf.dir/USB_DEVICE/Target/usbd_conf.c.obj
                0x00000000080096b4                HAL_PCD_MspInit
 .text.HAL_PCD_SetupStageCallback
                0x0000000008009738       0x10 CMakeFiles/omni-infantry.elf.dir/USB_DEVICE/Target/usbd_conf.c.obj
                0x0000000008009738                HAL_PCD_SetupStageCallback
 .text.HAL_PCD_DataOutStageCallback
                0x0000000008009748       0x18 CMakeFiles/omni-infantry.elf.dir/USB_DEVICE/Target/usbd_conf.c.obj
                0x0000000008009748                HAL_PCD_DataOutStageCallback
 .text.HAL_PCD_DataInStageCallback
                0x0000000008009760       0x16 CMakeFiles/omni-infantry.elf.dir/USB_DEVICE/Target/usbd_conf.c.obj
                0x0000000008009760                HAL_PCD_DataInStageCallback
 .text.HAL_PCD_SOFCallback
                0x0000000008009776        0xc CMakeFiles/omni-infantry.elf.dir/USB_DEVICE/Target/usbd_conf.c.obj
                0x0000000008009776                HAL_PCD_SOFCallback
 .text.HAL_PCD_ResetCallback
                0x0000000008009782       0x2c CMakeFiles/omni-infantry.elf.dir/USB_DEVICE/Target/usbd_conf.c.obj
                0x0000000008009782                HAL_PCD_ResetCallback
 *fill*         0x00000000080097ae        0x2 
 .text.HAL_PCD_SuspendCallback
                0x00000000080097b0       0x30 CMakeFiles/omni-infantry.elf.dir/USB_DEVICE/Target/usbd_conf.c.obj
                0x00000000080097b0                HAL_PCD_SuspendCallback
 .text.HAL_PCD_ResumeCallback
                0x00000000080097e0        0xc CMakeFiles/omni-infantry.elf.dir/USB_DEVICE/Target/usbd_conf.c.obj
                0x00000000080097e0                HAL_PCD_ResumeCallback
 .text.HAL_PCD_ISOOUTIncompleteCallback
                0x00000000080097ec        0xc CMakeFiles/omni-infantry.elf.dir/USB_DEVICE/Target/usbd_conf.c.obj
                0x00000000080097ec                HAL_PCD_ISOOUTIncompleteCallback
 .text.HAL_PCD_ISOINIncompleteCallback
                0x00000000080097f8        0xc CMakeFiles/omni-infantry.elf.dir/USB_DEVICE/Target/usbd_conf.c.obj
                0x00000000080097f8                HAL_PCD_ISOINIncompleteCallback
 .text.HAL_PCD_ConnectCallback
                0x0000000008009804        0xc CMakeFiles/omni-infantry.elf.dir/USB_DEVICE/Target/usbd_conf.c.obj
                0x0000000008009804                HAL_PCD_ConnectCallback
 .text.HAL_PCD_DisconnectCallback
                0x0000000008009810        0xc CMakeFiles/omni-infantry.elf.dir/USB_DEVICE/Target/usbd_conf.c.obj
                0x0000000008009810                HAL_PCD_DisconnectCallback
 .text.USBD_LL_Init
                0x000000000800981c       0x68 CMakeFiles/omni-infantry.elf.dir/USB_DEVICE/Target/usbd_conf.c.obj
                0x000000000800981c                USBD_LL_Init
 .text.USBD_LL_IsStallEP
                0x0000000008009884       0x2e CMakeFiles/omni-infantry.elf.dir/USB_DEVICE/Target/usbd_conf.c.obj
                0x0000000008009884                USBD_LL_IsStallEP
 .text.USBD_LL_GetRxDataSize
                0x00000000080098b2        0xc CMakeFiles/omni-infantry.elf.dir/USB_DEVICE/Target/usbd_conf.c.obj
                0x00000000080098b2                USBD_LL_GetRxDataSize
 *fill*         0x00000000080098be        0x2 
 .text.USBD_static_malloc
                0x00000000080098c0        0x8 CMakeFiles/omni-infantry.elf.dir/USB_DEVICE/Target/usbd_conf.c.obj
                0x00000000080098c0                USBD_static_malloc
 .text.USBD_static_free
                0x00000000080098c8        0x2 CMakeFiles/omni-infantry.elf.dir/USB_DEVICE/Target/usbd_conf.c.obj
                0x00000000080098c8                USBD_static_free
 .text.USBD_Get_USB_Status
                0x00000000080098ca       0x14 CMakeFiles/omni-infantry.elf.dir/USB_DEVICE/Target/usbd_conf.c.obj
                0x00000000080098ca                USBD_Get_USB_Status
 .text.USBD_LL_Start
                0x00000000080098de       0x10 CMakeFiles/omni-infantry.elf.dir/USB_DEVICE/Target/usbd_conf.c.obj
                0x00000000080098de                USBD_LL_Start
 .text.USBD_LL_OpenEP
                0x00000000080098ee       0x16 CMakeFiles/omni-infantry.elf.dir/USB_DEVICE/Target/usbd_conf.c.obj
                0x00000000080098ee                USBD_LL_OpenEP
 .text.USBD_LL_CloseEP
                0x0000000008009904       0x10 CMakeFiles/omni-infantry.elf.dir/USB_DEVICE/Target/usbd_conf.c.obj
                0x0000000008009904                USBD_LL_CloseEP
 .text.USBD_LL_StallEP
                0x0000000008009914       0x10 CMakeFiles/omni-infantry.elf.dir/USB_DEVICE/Target/usbd_conf.c.obj
                0x0000000008009914                USBD_LL_StallEP
 .text.USBD_LL_ClearStallEP
                0x0000000008009924       0x10 CMakeFiles/omni-infantry.elf.dir/USB_DEVICE/Target/usbd_conf.c.obj
                0x0000000008009924                USBD_LL_ClearStallEP
 .text.USBD_LL_SetUSBAddress
                0x0000000008009934       0x10 CMakeFiles/omni-infantry.elf.dir/USB_DEVICE/Target/usbd_conf.c.obj
                0x0000000008009934                USBD_LL_SetUSBAddress
 .text.USBD_LL_Transmit
                0x0000000008009944       0x10 CMakeFiles/omni-infantry.elf.dir/USB_DEVICE/Target/usbd_conf.c.obj
                0x0000000008009944                USBD_LL_Transmit
 .text.USBD_LL_PrepareReceive
                0x0000000008009954       0x10 CMakeFiles/omni-infantry.elf.dir/USB_DEVICE/Target/usbd_conf.c.obj
                0x0000000008009954                USBD_LL_PrepareReceive
 .text.imu_cali_slove
                0x0000000008009964       0xbc CMakeFiles/omni-infantry.elf.dir/application/Atti.c.obj
 .text.imu_temp_control
                0x0000000008009a20       0xa0 CMakeFiles/omni-infantry.elf.dir/application/Atti.c.obj
 .text.imu_cmd_spi_dma